Archive member included to satisfy reference by file (symbol)

/home/ahmedhussein/git/opendps/libopencm3/lib/libopencm3_stm32f1.a(adc.o)
                              hw.o (adc_power_on)
/home/ahmedhussein/git/opendps/libopencm3/lib/libopencm3_stm32f1.a(adc_common_v1.o)
                              hw.o (adc_power_off)
/home/ahmedhussein/git/opendps/libopencm3/lib/libopencm3_stm32f1.a(flash.o)
                              past.o (flash_get_status_flags)
/home/ahmedhussein/git/opendps/libopencm3/lib/libopencm3_stm32f1.a(gpio.o)
                              hw.o (gpio_set_mode)
/home/ahmedhussein/git/opendps/libopencm3/lib/libopencm3_stm32f1.a(rcc.o)
                              hw.o (rcc_clock_setup_in_hsi_out_48mhz)
/home/ahmedhussein/git/opendps/libopencm3/lib/libopencm3_stm32f1.a(dma_common_l1f013.o)
                              spi_driver.o (dma_channel_reset)
/home/ahmedhussein/git/opendps/libopencm3/lib/libopencm3_stm32f1.a(gpio_common_all.o)
                              hw.o (gpio_set)
/home/ahmedhussein/git/opendps/libopencm3/lib/libopencm3_stm32f1.a(i2c_common_all.o)
                              hw.o (i2c_peripheral_enable)
/home/ahmedhussein/git/opendps/libopencm3/lib/libopencm3_stm32f1.a(iwdg_common_all.o)
                              wdog.o (iwdg_start)
/home/ahmedhussein/git/opendps/libopencm3/lib/libopencm3_stm32f1.a(spi_common_all.o)
                              spi_driver.o (spi_reset)
/home/ahmedhussein/git/opendps/libopencm3/lib/libopencm3_stm32f1.a(spi_common_l1f124.o)
                              spi_driver.o (spi_init_master)
/home/ahmedhussein/git/opendps/libopencm3/lib/libopencm3_stm32f1.a(timer_common_all.o)
                              hw.o (timer_set_mode)
/home/ahmedhussein/git/opendps/libopencm3/lib/libopencm3_stm32f1.a(usart_common_all.o)
                              hw.o (usart_set_baudrate)
/home/ahmedhussein/git/opendps/libopencm3/lib/libopencm3_stm32f1.a(usart_common_f124.o)
                              /home/ahmedhussein/git/opendps/libopencm3/lib/libopencm3_stm32f1.a(usart_common_all.o) (usart_send)
/home/ahmedhussein/git/opendps/libopencm3/lib/libopencm3_stm32f1.a(rcc_common_all.o)
                              hw.o (rcc_periph_clock_enable)
/home/ahmedhussein/git/opendps/libopencm3/lib/libopencm3_stm32f1.a(exti_common_all.o)
                              hw.o (exti_set_trigger)
/home/ahmedhussein/git/opendps/libopencm3/lib/libopencm3_stm32f1.a(flash_common_f01.o)
                              /home/ahmedhussein/git/opendps/libopencm3/lib/libopencm3_stm32f1.a(rcc.o) (flash_set_ws)
/home/ahmedhussein/git/opendps/libopencm3/lib/libopencm3_stm32f1.a(vector.o)
                              (reset_handler)
/home/ahmedhussein/git/opendps/libopencm3/lib/libopencm3_stm32f1.a(systick.o)
                              tick.o (systick_set_reload)
/home/ahmedhussein/git/opendps/libopencm3/lib/libopencm3_stm32f1.a(scb.o)
                              opendps.o (scb_reset_system)
/home/ahmedhussein/git/opendps/libopencm3/lib/libopencm3_stm32f1.a(nvic.o)
                              hw.o (nvic_enable_irq)
/home/ahmedhussein/git/opendps/libopencm3/lib/libopencm3_stm32f1.a(assert.o)
                              /home/ahmedhussein/git/opendps/libopencm3/lib/libopencm3_stm32f1.a(rcc.o) (cm3_assert_failed)
/usr/lib/gcc/arm-none-eabi/13.2.0/../../../../arm-none-eabi/lib/thumb/v7-m/nofp/libc.a(lib_a-atoi.o)
                              settings_calibration.o (atoi)
/usr/lib/gcc/arm-none-eabi/13.2.0/../../../../arm-none-eabi/lib/thumb/v7-m/nofp/libc.a(lib_a-memcpy.o)
                              uframe.o (memcpy)
/usr/lib/gcc/arm-none-eabi/13.2.0/../../../../arm-none-eabi/lib/thumb/v7-m/nofp/libc.a(lib_a-memset.o)
                              event.o (memset)
/usr/lib/gcc/arm-none-eabi/13.2.0/../../../../arm-none-eabi/lib/thumb/v7-m/nofp/libc.a(lib_a-strcmp.o)
                              settings_calibration.o (strcmp)
/usr/lib/gcc/arm-none-eabi/13.2.0/../../../../arm-none-eabi/lib/thumb/v7-m/nofp/libc.a(lib_a-strlen-stub.o)
                              mini-printf.o (strlen)
/usr/lib/gcc/arm-none-eabi/13.2.0/../../../../arm-none-eabi/lib/thumb/v7-m/nofp/libc.a(lib_a-strncmp.o)
                              opendps.o (strncmp)
/usr/lib/gcc/arm-none-eabi/13.2.0/../../../../arm-none-eabi/lib/thumb/v7-m/nofp/libc.a(lib_a-strtol.o)
                              /usr/lib/gcc/arm-none-eabi/13.2.0/../../../../arm-none-eabi/lib/thumb/v7-m/nofp/libc.a(lib_a-atoi.o) (_strtol_r)
/usr/lib/gcc/arm-none-eabi/13.2.0/../../../../arm-none-eabi/lib/thumb/v7-m/nofp/libc.a(lib_a-ctype_.o)
                              /usr/lib/gcc/arm-none-eabi/13.2.0/../../../../arm-none-eabi/lib/thumb/v7-m/nofp/libc.a(lib_a-strtol.o) (_ctype_)
/usr/lib/gcc/arm-none-eabi/13.2.0/../../../../arm-none-eabi/lib/thumb/v7-m/nofp/libc.a(lib_a-errno.o)
                              /usr/lib/gcc/arm-none-eabi/13.2.0/../../../../arm-none-eabi/lib/thumb/v7-m/nofp/libc.a(lib_a-strtol.o) (__errno)
[...]
Memory Configuration

Name             Origin             Length             Attributes
boot             0x08000000         0x00001400         xr
rom              0x08001400         0x0000e400         xr
past             0x0800f800         0x00000800         r
ram_vect         0x20000000         0x00000150         xrw
ram              0x20000150         0x00001ea0         xrw
bootcom_ram      0x20001ff0         0x00000010         xrw
*default*        0x00000000         0xffffffff

Linker script and memory map

LOAD flashlock.o
LOAD bootcom.o
LOAD crc16.o
LOAD uui.o
LOAD uui_number.o
LOAD settings_calibration.o
LOAD hw.o
LOAD pwrctl.o
LOAD event.o
LOAD past.o
LOAD tick.o
LOAD tft.o
LOAD spi_driver.o
LOAD ringbuf.o
LOAD ili9163c.o
LOAD mini-printf.o
LOAD gfx_lookup.o
LOAD font-full_small.o
LOAD font-meter_small.o
LOAD font-meter_medium.o
LOAD font-meter_large.o
LOAD gfx-cc.o
LOAD gfx-crosshair.o
LOAD gfx-cv.o
LOAD gfx-cl.o
LOAD gfx-padlock.o
LOAD gfx-thermometer.o
LOAD gfx-wifi.o
LOAD opendps.o
LOAD wdog.o
LOAD gfx-poweron.o
LOAD gfx-poweroff.o
LOAD func_cc.o
LOAD func_cv.o
LOAD func_cl.o
LOAD uframe.o
LOAD protocol.o
LOAD protocol_handler.o
LOAD /home/ahmedhussein/git/opendps/libopencm3/lib/libopencm3_stm32f1.a
START GROUP
LOAD /usr/lib/gcc/arm-none-eabi/13.2.0/../../../../arm-none-eabi/lib/thumb/v7-m/nofp/libc.a
LOAD /usr/lib/gcc/arm-none-eabi/13.2.0/thumb/v7-m/nofp/libgcc.a
LOAD /usr/lib/gcc/arm-none-eabi/13.2.0/../../../../arm-none-eabi/lib/thumb/v7-m/nofp/libnosys.a
END GROUP
START GROUP
LOAD /usr/lib/gcc/arm-none-eabi/13.2.0/thumb/v7-m/nofp/libgcc.a
LOAD /usr/lib/gcc/arm-none-eabi/13.2.0/../../../../arm-none-eabi/lib/thumb/v7-m/nofp/libc.a
END GROUP
                0x00010000                        flash_size = 0x10000
                0x00002000                        ram_size = 0x2000
                0x00001400                        boot_size = 0x1400
                0x00000800                        past_size = 0x800
                0x00000010                        bootcom_size = 0x10
                0x0000e400                        app_size = ((flash_size - boot_size) - past_size)
                0x00000150                        vector_size = 0x150

.text           0x08001400     0x9f3c
 *(.vectors)
 .vectors       0x08001400      0x150 /home/ahmedhussein/git/opendps/libopencm3/lib/libopencm3_stm32f1.a(vector.o)
                0x08001400                vector_table
 *(.text*)
 .text.lock_flash
                0x08001550       0x14 flashlock.o
                0x08001550                lock_flash
 .text.unlock_flash
                0x08001564       0x18 flashlock.o
                0x08001564                unlock_flash
 .text.bootcom_put
                0x0800157c       0x20 bootcom.o
                0x0800157c                bootcom_put
 .text.crc16_add
                0x0800159c       0x18 crc16.o
                0x0800159c                crc16_add
 .text.crc16    0x080015b4       0x36 crc16.o
                0x080015b4                crc16
 .text.item_got_focus
                0x080015ea       0x12 uui.o
 .text.item_lost_focus
                0x080015fc       0x14 uui.o
 .text.focus_switch
                0x08001610        0xc uui.o
 .text.uui_init
                0x0800161c       0x10 uui.o
                0x0800161c                uui_init
 .text.uui_add_screen
                0x0800162c       0x48 uui.o
                0x0800162c                uui_add_screen
 .text.uui_refresh
                0x08001674       0x5a uui.o
                0x08001674                uui_refresh
 .text.uui_activate
                0x080016ce       0x56 uui.o
                0x080016ce                uui_activate
 .text.uui_set_screen
                0x08001724       0x80 uui.o
                0x08001724                uui_set_screen
 .text.uui_next_screen
                0x080017a4       0x2e uui.o
                0x080017a4                uui_next_screen
 .text.uui_prev_screen
                0x080017d2       0x2e uui.o
                0x080017d2                uui_prev_screen
 .text.uui_handle_screen_event
                0x08001800       0xe8 uui.o
                0x08001800                uui_handle_screen_event
 .text.ui_item_init
                0x080018e8       0x18 uui.o
                0x080018e8                ui_item_init
 .text.uui_tick
                0x08001900        0xc uui.o
                0x08001900                uui_tick
 .text.uui_disable_cur_screen
                0x0800190c       0x18 uui.o
                0x0800190c                uui_disable_cur_screen
 .text.number_got_event
                0x08001924       0x94 uui_number.o
 .text.number_get_value
                0x080019b8        0x8 uui_number.o
 .text.number_draw
                0x080019c0      0x358 uui_number.o
 .text.number_init
                0x08001d18       0x3c uui_number.o
                0x08001d18                number_init
 .text.past_save
                0x08001d54        0x2 settings_calibration.o
 *fill*         0x08001d56        0x2 
 .text.get_parameter
                0x08001d58       0x4c settings_calibration.o
 .text.calibration_tick
                0x08001da4       0x58 settings_calibration.o
 .text.activated
                0x08001dfc       0xa4 settings_calibration.o
 .text.calibration_enable
                0x08001ea0       0x40 settings_calibration.o
 .text.a_dac_changed
                0x08001ee0       0x14 settings_calibration.o
 .text.v_dac_changed
                0x08001ef4       0x14 settings_calibration.o
 .text.set_parameter
                0x08001f08       0x68 settings_calibration.o
 .text.past_restore
                0x08001f70        0x2 settings_calibration.o
 *fill*         0x08001f72        0x2 
 .text.settings_calibration_init
                0x08001f74       0x48 settings_calibration.o
                0x08001f74                settings_calibration_init
 .text.longpress_end
                0x08001fbc       0x28 hw.o
 .text.is_bouncing
                0x08001fe4       0x34 hw.o
 .text.setChannelValue
                0x08002018       0x94 hw.o
                0x08002018                setChannelValue
 .text.hw_init  0x080020ac      0x64c hw.o
                0x080020ac                hw_init
 .text.hw_get_adc_values
                0x080026f8       0x20 hw.o
                0x080026f8                hw_get_adc_values
 .text.hw_set_voltage_dac
                0x08002718       0x18 hw.o
                0x08002718                hw_set_voltage_dac
 .text.hw_set_current_dac
                0x08002730       0x1a hw.o
                0x08002730                hw_set_current_dac
 .text.hw_enable_backlight
                0x0800274a       0x50 hw.o
                0x0800274a                hw_enable_backlight
 .text.hw_set_backlight
                0x0800279a       0x10 hw.o
                0x0800279a                hw_set_backlight
 .text.hw_get_backlight
                0x080027aa       0x14 hw.o
                0x080027aa                hw_get_backlight
 *fill*         0x080027be        0x2 
 .text.hw_longpress_check
                0x080027c0       0x44 hw.o
                0x080027c0                hw_longpress_check
 .text.hw_sel_button_pressed
                0x08002804       0x18 hw.o
                0x08002804                hw_sel_button_pressed
 .text.adc1_2_isr
                0x0800281c      0x154 hw.o
                0x0800281c                adc1_2_isr
 .text.usart1_isr
                0x08002970       0x30 hw.o
                0x08002970                usart1_isr
 .text.exti2_isr
                0x080029a0       0x7c hw.o
                0x080029a0                exti2_isr
 .text.exti3_isr
                0x08002a1c       0x70 hw.o
                0x08002a1c                exti3_isr
 .text.exti1_isr
                0x08002a8c       0x70 hw.o
                0x08002a8c                exti1_isr
 .text.exti4_isr
                0x08002afc       0x34 hw.o
                0x08002afc                exti4_isr
 .text.exti9_5_isr
                0x08002b30       0xec hw.o
                0x08002b30                exti9_5_isr
 .text.pwrctl_get_vout
                0x08002c1c        0xc pwrctl.o
                0x08002c1c                pwrctl_get_vout
 .text.pwrctl_get_ilimit
                0x08002c28        0xc pwrctl.o
                0x08002c28                pwrctl_get_ilimit
 .text.pwrctl_vout_enabled
                0x08002c34        0xc pwrctl.o
                0x08002c34                pwrctl_vout_enabled
 .text.pwrctl_calc_vin
                0x08002c40       0x3c pwrctl.o
                0x08002c40                pwrctl_calc_vin
 .text.pwrctl_calc_vout
                0x08002c7c       0x3c pwrctl.o
                0x08002c7c                pwrctl_calc_vout
 .text.pwrctl_calc_vout_dac
                0x08002cb8       0x54 pwrctl.o
                0x08002cb8                pwrctl_calc_vout_dac
 .text.pwrctl_set_vout
                0x08002d0c       0x2c pwrctl.o
                0x08002d0c                pwrctl_set_vout
 .text.pwrctl_calc_iout
                0x08002d38       0x3c pwrctl.o
                0x08002d38                pwrctl_calc_iout
 .text.pwrctl_calc_ilimit_adc
                0x08002d74       0x44 pwrctl.o
                0x08002d74                pwrctl_calc_ilimit_adc
 .text.pwrctl_set_ilimit
                0x08002db8       0x1c pwrctl.o
                0x08002db8                pwrctl_set_ilimit
 .text.pwrctl_calc_vlimit_adc
                0x08002dd4       0x44 pwrctl.o
                0x08002dd4                pwrctl_calc_vlimit_adc
 .text.pwrctl_set_vlimit
                0x08002e18       0x1c pwrctl.o
                0x08002e18                pwrctl_set_vlimit
 .text.pwrctl_calc_iout_dac
                0x08002e34       0x54 pwrctl.o
                0x08002e34                pwrctl_calc_iout_dac
 .text.pwrctl_set_iout
                0x08002e88       0x2c pwrctl.o
                0x08002e88                pwrctl_set_iout
 .text.pwrctl_enable_vout
                0x08002eb4       0x50 pwrctl.o
                0x08002eb4                pwrctl_enable_vout
 .text.pwrctl_init
                0x08002f04      0x184 pwrctl.o
                0x08002f04                pwrctl_init
 .text.event_init
                0x08003088       0x24 event.o
                0x08003088                event_init
 .text.event_get
                0x080030ac       0x2c event.o
                0x080030ac                event_get
 .text.event_put
                0x080030d8       0x10 event.o
                0x080030d8                event_put
 .text.past_remaining_size
                0x080030e8       0x12 past.o
 .text.past_find_unit
                0x080030fa       0x3c past.o
 .text.flash_write32
                0x08003136       0x24 past.o
 *fill*         0x0800315a        0x2 
 .text.past_garbage_collect
                0x0800315c      0x110 past.o
 .text.past_erase_unit_at
                0x0800326c       0x48 past.o
 .text.past_read_unit
                0x080032b4       0x3c past.o
                0x080032b4                past_read_unit
 .text.past_erase_unit
                0x080032f0       0x20 past.o
                0x080032f0                past_erase_unit
 .text.past_format
                0x08003310       0x60 past.o
                0x08003310                past_format
 .text.past_init
                0x08003370       0xa0 past.o
                0x08003370                past_init
 .text.past_gc_check
                0x08003410       0x1a past.o
                0x08003410                past_gc_check
 .text.past_write_unit
                0x0800342a      0x118 past.o
                0x0800342a                past_write_unit
 .text.systick_init
                0x08003542       0x1c tick.o
                0x08003542                systick_init
 *fill*         0x0800355e        0x2 
 .text.delay_ms
                0x08003560       0x14 tick.o
                0x08003560                delay_ms
 .text.get_ticks
                0x08003574       0x20 tick.o
                0x08003574                get_ticks
 .text.sys_tick_handler
                0x08003594       0x20 tick.o
                0x08003594                sys_tick_handler
 .text.tft_init
                0x080035b4       0x16 tft.o
                0x080035b4                tft_init
 .text.tft_clear
                0x080035ca        0x6 tft.o
                0x080035ca                tft_clear
 .text.tft_decode_glyph
                0x080035d0       0xc8 tft.o
                0x080035d0                tft_decode_glyph
 .text.tft_blit
                0x08003698       0x40 tft.o
                0x08003698                tft_blit
 .text.tft_get_glyph_spacing
                0x080036d8       0x10 tft.o
                0x080036d8                tft_get_glyph_spacing
 .text.tft_get_glyph_metrics
                0x080036e8       0x5c tft.o
                0x080036e8                tft_get_glyph_metrics
 .text.tft_get_glyph_pixdata
                0x08003744       0x84 tft.o
                0x08003744                tft_get_glyph_pixdata
 .text.tft_fill
                0x080037c8       0x94 tft.o
                0x080037c8                tft_fill
 .text.tft_putch
                0x0800385c       0xcc tft.o
                0x0800385c                tft_putch
 .text.tft_puts
                0x08003928      0x124 tft.o
                0x08003928                tft_puts
 .text.tft_rect
                0x08003a4c       0x5a tft.o
                0x08003a4c                tft_rect
 *fill*         0x08003aa6        0x2 
 .text.tft_invert
                0x08003aa8       0x14 tft.o
                0x08003aa8                tft_invert
 .text.tft_is_inverted
                0x08003abc        0xc tft.o
                0x08003abc                tft_is_inverted
 .text.spi_init
                0x08003ac8       0x78 spi_driver.o
                0x08003ac8                spi_init
 .text.spi_dma_transceive
                0x08003b40      0x168 spi_driver.o
                0x08003b40                spi_dma_transceive
 .text.dma1_channel4_isr
                0x08003ca8       0x40 spi_driver.o
                0x08003ca8                dma1_channel4_isr
 .text.dma1_channel5_isr
                0x08003ce8       0x40 spi_driver.o
                0x08003ce8                dma1_channel5_isr
 .text.ringbuf_init
                0x08003d28        0xe ringbuf.o
                0x08003d28                ringbuf_init
 .text.ringbuf_put
                0x08003d36       0x26 ringbuf.o
                0x08003d36                ringbuf_put
 .text.ringbuf_get
                0x08003d5c       0x26 ringbuf.o
                0x08003d5c                ringbuf_get
 *fill*         0x08003d82        0x2 
 .text.write_data
                0x08003d84       0x28 ili9163c.o
 .text.write_data16
                0x08003dac       0x28 ili9163c.o
 .text.write_command
                0x08003dd4       0x28 ili9163c.o
 .text.color_space
                0x08003dfc       0x18 ili9163c.o
 .text.ili9163c_init
                0x08003e14      0x190 ili9163c.o
                0x08003e14                ili9163c_init
 .text.ili9163c_get_geometry
                0x08003fa4        0xe ili9163c.o
                0x08003fa4                ili9163c_get_geometry
 .text.ili9163c_invert_display
                0x08003fb2        0x8 ili9163c.o
                0x08003fb2                ili9163c_invert_display
 *fill*         0x08003fba        0x2 
 .text.ili9163c_boundary_check
                0x08003fbc       0x28 ili9163c.o
                0x08003fbc                ili9163c_boundary_check
 .text.ili9163c_set_window
                0x08003fe4       0x98 ili9163c.o
                0x08003fe4                ili9163c_set_window
 .text.ili9163c_draw_vline
                0x0800407c       0x50 ili9163c.o
                0x0800407c                ili9163c_draw_vline
 .text.ili9163c_draw_hline
                0x080040cc       0x48 ili9163c.o
                0x080040cc                ili9163c_draw_hline
 .text.ili9163c_fill_screen
                0x08004114       0x64 ili9163c.o
                0x08004114                ili9163c_fill_screen
 .text.ili9163c_set_rotation
                0x08004178       0x5c ili9163c.o
                0x08004178                ili9163c_set_rotation
 .text.mini_itoa.part.0
                0x080041d4       0x82 mini-printf.o
 .text._puts.0.isra.0
                0x08004256       0x34 mini-printf.o
 .text._putc.1.isra.0
                0x0800428a       0x22 mini-printf.o
 .text.mini_vsnprintf
                0x080042ac       0xca mini-printf.o
                0x080042ac                mini_vsnprintf
 .text.mini_snprintf
                0x08004376       0x1a mini-printf.o
                0x08004376                mini_snprintf
 .text.opendps_update_power_status.part.0
                0x08004390       0x30 opendps.o
 .text.opendps_get_function_names
                0x080043c0       0x28 opendps.o
                0x080043c0                opendps_get_function_names
 .text.opendps_get_curr_function_name
                0x080043e8       0x14 opendps.o
                0x080043e8                opendps_get_curr_function_name
 .text.opendps_get_boot_git_hash
                0x080043fc       0x1c opendps.o
                0x080043fc                opendps_get_boot_git_hash
 .text.opendps_get_app_git_hash
                0x08004418       0x1c opendps.o
                0x08004418                opendps_get_app_git_hash
 .text.opendps_get_curr_function_params
                0x08004434       0x28 opendps.o
                0x08004434                opendps_get_curr_function_params
 .text.opendps_get_curr_function_param_value
                0x0800445c       0x28 opendps.o
                0x0800445c                opendps_get_curr_function_param_value
 .text.opendps_set_parameter
                0x08004484       0x2c opendps.o
                0x08004484                opendps_set_parameter
 .text.opendps_set_calibration
                0x080044b0       0xdc opendps.o
                0x080044b0                opendps_set_calibration
 .text.opendps_clear_calibration
                0x0800458c       0x70 opendps.o
                0x0800458c                opendps_clear_calibration
 .text.opendps_enable_output
                0x080045fc       0x2c opendps.o
                0x080045fc                opendps_enable_output
 .text.opendps_enable_function_idx
                0x08004628       0x14 opendps.o
                0x08004628                opendps_enable_function_idx
 .text.opendps_lock
                0x0800463c       0x60 opendps.o
                0x0800463c                opendps_lock
 .text.opendps_handle_ping
                0x0800469c       0x18 opendps.o
                0x0800469c                opendps_handle_ping
 .text.opendps_update_wifi_status
                0x080046b4       0x94 opendps.o
                0x080046b4                opendps_update_wifi_status
 .text.opendps_update_power_status
                0x08004748       0x30 opendps.o
                0x08004748                opendps_update_power_status
 .text.main_ui_tick
                0x08004778       0x38 opendps.o
 .text.opendps_upgrade_start
                0x080047b0       0x10 opendps.o
                0x080047b0                opendps_upgrade_start
 .text.opendps_change_screen
                0x080047c0       0x48 opendps.o
                0x080047c0                opendps_change_screen
 .text.startup.main
                0x08004808      0x564 opendps.o
                0x08004808                main
 .text.wdog_init
                0x08004d6c       0x10 wdog.o
                0x08004d6c                wdog_init
 .text.wdog_kick
                0x08004d7c        0x4 wdog.o
                0x08004d7c                wdog_kick
 .text.voltage_changed
                0x08004d80       0x10 func_cc.o
 .text.current_changed
                0x08004d90       0x10 func_cc.o
 .text.get_parameter
                0x08004da0       0x84 func_cc.o
 .text.set_parameter
                0x08004e24       0x84 func_cc.o
 .text.past_restore
                0x08004ea8       0x54 func_cc.o
 .text.past_save
                0x08004efc       0x2c func_cc.o
 .text.cc_tick  0x08004f28       0xa4 func_cc.o
 .text.cc_enable
                0x08004fcc       0x6c func_cc.o
 .text.func_cc_init
                0x08005038       0x74 func_cc.o
                0x08005038                func_cc_init
 .text.voltage_changed
                0x080050ac       0x10 func_cv.o
 .text.current_changed
                0x080050bc       0x10 func_cv.o
 .text.get_parameter
                0x080050cc       0x84 func_cv.o
 .text.set_parameter
                0x08005150       0x84 func_cv.o
 .text.past_restore
                0x080051d4       0x54 func_cv.o
 .text.past_save
                0x08005228       0x2c func_cv.o
 .text.cv_tick  0x08005254       0xa0 func_cv.o
 .text.cv_enable
                0x080052f4       0x68 func_cv.o
 .text.func_cv_init
                0x0800535c       0x74 func_cv.o
                0x0800535c                func_cv_init
 .text.voltage_changed
                0x080053d0       0x10 func_cl.o
 .text.current_changed
                0x080053e0       0x10 func_cl.o
 .text.get_parameter
                0x080053f0       0x84 func_cl.o
 .text.set_parameter
                0x08005474       0x84 func_cl.o
 .text.past_restore
                0x080054f8       0x54 func_cl.o
 .text.past_save
                0x0800554c       0x2c func_cl.o
 .text.cl_tick  0x08005578      0x108 func_cl.o
 .text.deactivated
                0x08005680       0x28 func_cl.o
 .text.cl_enable
                0x080056a8       0x8c func_cl.o
 .text.func_cl_init
                0x08005734       0x74 func_cl.o
                0x08005734                func_cl_init
 .text.set_frame_header
                0x080057a8       0x16 uframe.o
                0x080057a8                set_frame_header
 .text.start_frame_unpacking
                0x080057be        0x8 uframe.o
                0x080057be                start_frame_unpacking
 .text.pack8    0x080057c6       0x42 uframe.o
                0x080057c6                pack8
 .text.stuff8   0x08005808       0x34 uframe.o
                0x08005808                stuff8
 .text.pack16   0x0800583c       0x18 uframe.o
                0x0800583c                pack16
 .text.pack32   0x08005854       0x2c uframe.o
                0x08005854                pack32
 .text.pack_float
                0x08005880        0x4 uframe.o
                0x08005880                pack_float
 .text.pack_cstr
                0x08005884       0x1c uframe.o
                0x08005884                pack_cstr
 .text.end_frame
                0x080058a0       0x2a uframe.o
                0x080058a0                end_frame
 .text.unpack8  0x080058ca       0x24 uframe.o
                0x080058ca                unpack8
 .text.unpack16
                0x080058ee       0x2c uframe.o
                0x080058ee                unpack16
 .text.uframe_extract_payload
                0x0800591a       0x86 uframe.o
                0x0800591a                uframe_extract_payload
 .text.protocol_create_response
                0x080059a0       0x28 protocol.o
                0x080059a0                protocol_create_response
 .text.protocol_unpack_wifi_status
                0x080059c8       0x34 protocol.o
                0x080059c8                protocol_unpack_wifi_status
 .text.protocol_unpack_lock
                0x080059fc       0x3e protocol.o
                0x080059fc                protocol_unpack_lock
 .text.protocol_unpack_upgrade_start
                0x08005a3a       0x40 protocol.o
                0x08005a3a                protocol_unpack_upgrade_start
 *fill*         0x08005a7a        0x2 
 .text.send_frame
                0x08005a7c       0x24 protocol_handler.o
 .text.handle_frame.constprop.0
                0x08005aa0      0x5a4 protocol_handler.o
 .text.serial_handle_rx_char
                0x08006044       0x48 protocol_handler.o
                0x08006044                serial_handle_rx_char
 .text.adc_power_on
                0x0800608c       0x10 /home/ahmedhussein/git/opendps/libopencm3/lib/libopencm3_stm32f1.a(adc.o)
                0x0800608c                adc_power_on
 .text.adc_enable_external_trigger_injected
                0x0800609c       0x14 /home/ahmedhussein/git/opendps/libopencm3/lib/libopencm3_stm32f1.a(adc.o)
                0x0800609c                adc_enable_external_trigger_injected
 .text.adc_reset_calibration
                0x080060b0       0x14 /home/ahmedhussein/git/opendps/libopencm3/lib/libopencm3_stm32f1.a(adc.o)
                0x080060b0                adc_reset_calibration
 .text.adc_calibrate_async
                0x080060c4        0xa /home/ahmedhussein/git/opendps/libopencm3/lib/libopencm3_stm32f1.a(adc.o)
                0x080060c4                adc_calibrate_async
 .text.adc_is_calibrating
                0x080060ce        0x8 /home/ahmedhussein/git/opendps/libopencm3/lib/libopencm3_stm32f1.a(adc.o)
                0x080060ce                adc_is_calibrating
 .text.adc_calibrate
                0x080060d6       0x14 /home/ahmedhussein/git/opendps/libopencm3/lib/libopencm3_stm32f1.a(adc.o)
                0x080060d6                adc_calibrate
 .text.adc_set_sample_time_on_all_channels
                0x080060ea       0x2a /home/ahmedhussein/git/opendps/libopencm3/lib/libopencm3_stm32f1.a(adc.o)
                0x080060ea                adc_set_sample_time_on_all_channels
 .text.adc_power_off
                0x08006114        0xa /home/ahmedhussein/git/opendps/libopencm3/lib/libopencm3_stm32f1.a(adc_common_v1.o)
                0x08006114                adc_power_off
 .text.adc_enable_scan_mode
                0x0800611e        0xa /home/ahmedhussein/git/opendps/libopencm3/lib/libopencm3_stm32f1.a(adc_common_v1.o)
                0x0800611e                adc_enable_scan_mode
 .text.adc_enable_eoc_interrupt_injected
                0x08006128        0xa /home/ahmedhussein/git/opendps/libopencm3/lib/libopencm3_stm32f1.a(adc_common_v1.o)
                0x08006128                adc_enable_eoc_interrupt_injected
 .text.adc_set_right_aligned
                0x08006132        0xa /home/ahmedhussein/git/opendps/libopencm3/lib/libopencm3_stm32f1.a(adc_common_v1.o)
                0x08006132                adc_set_right_aligned
 .text.adc_read_injected
                0x0800613c       0x22 /home/ahmedhussein/git/opendps/libopencm3/lib/libopencm3_stm32f1.a(adc_common_v1.o)
                0x0800613c                adc_read_injected
 .text.adc_set_single_conversion_mode
                0x0800615e        0xa /home/ahmedhussein/git/opendps/libopencm3/lib/libopencm3_stm32f1.a(adc_common_v1.o)
                0x0800615e                adc_set_single_conversion_mode
 .text.adc_set_injected_sequence
                0x08006168       0x26 /home/ahmedhussein/git/opendps/libopencm3/lib/libopencm3_stm32f1.a(adc_common_v1.o)
                0x08006168                adc_set_injected_sequence
 *fill*         0x0800618e        0x2 
 .text.flash_get_status_flags
                0x08006190       0x24 /home/ahmedhussein/git/opendps/libopencm3/lib/libopencm3_stm32f1.a(flash.o)
                0x08006190                flash_get_status_flags
 .text.flash_program_half_word
                0x080061b4       0x70 /home/ahmedhussein/git/opendps/libopencm3/lib/libopencm3_stm32f1.a(flash.o)
                0x080061b4                flash_program_half_word
 .text.flash_erase_page
                0x08006224       0x80 /home/ahmedhussein/git/opendps/libopencm3/lib/libopencm3_stm32f1.a(flash.o)
                0x08006224                flash_erase_page
 .text.gpio_set_mode
                0x080062a4       0x5e /home/ahmedhussein/git/opendps/libopencm3/lib/libopencm3_stm32f1.a(gpio.o)
                0x080062a4                gpio_set_mode
 *fill*         0x08006302        0x2 
 .text.rcc_is_osc_ready
                0x08006304       0x58 /home/ahmedhussein/git/opendps/libopencm3/lib/libopencm3_stm32f1.a(rcc.o)
                0x08006304                rcc_is_osc_ready
 .text.rcc_wait_for_osc_ready
                0x0800635c       0x10 /home/ahmedhussein/git/opendps/libopencm3/lib/libopencm3_stm32f1.a(rcc.o)
                0x0800635c                rcc_wait_for_osc_ready
 .text.rcc_osc_on
                0x0800636c       0x60 /home/ahmedhussein/git/opendps/libopencm3/lib/libopencm3_stm32f1.a(rcc.o)
                0x0800636c                rcc_osc_on
 .text.rcc_set_sysclk_source
                0x080063cc       0x14 /home/ahmedhussein/git/opendps/libopencm3/lib/libopencm3_stm32f1.a(rcc.o)
                0x080063cc                rcc_set_sysclk_source
 .text.rcc_set_pll_multiplication_factor
                0x080063e0       0x14 /home/ahmedhussein/git/opendps/libopencm3/lib/libopencm3_stm32f1.a(rcc.o)
                0x080063e0                rcc_set_pll_multiplication_factor
 .text.rcc_set_pll_source
                0x080063f4       0x14 /home/ahmedhussein/git/opendps/libopencm3/lib/libopencm3_stm32f1.a(rcc.o)
                0x080063f4                rcc_set_pll_source
 .text.rcc_set_adcpre
                0x08006408       0x14 /home/ahmedhussein/git/opendps/libopencm3/lib/libopencm3_stm32f1.a(rcc.o)
                0x08006408                rcc_set_adcpre
 .text.rcc_set_ppre2
                0x0800641c       0x14 /home/ahmedhussein/git/opendps/libopencm3/lib/libopencm3_stm32f1.a(rcc.o)
                0x0800641c                rcc_set_ppre2
 .text.rcc_set_ppre1
                0x08006430       0x14 /home/ahmedhussein/git/opendps/libopencm3/lib/libopencm3_stm32f1.a(rcc.o)
                0x08006430                rcc_set_ppre1
 .text.rcc_set_hpre
                0x08006444       0x14 /home/ahmedhussein/git/opendps/libopencm3/lib/libopencm3_stm32f1.a(rcc.o)
                0x08006444                rcc_set_hpre
 .text.rcc_clock_setup_in_hsi_out_48mhz
                0x08006458       0x7c /home/ahmedhussein/git/opendps/libopencm3/lib/libopencm3_stm32f1.a(rcc.o)
                0x08006458                rcc_clock_setup_in_hsi_out_48mhz
 .text.dma_channel_reset
                0x080064d4       0x20 /home/ahmedhussein/git/opendps/libopencm3/lib/libopencm3_stm32f1.a(dma_common_l1f013.o)
                0x080064d4                dma_channel_reset
 .text.dma_set_priority
                0x080064f4       0x18 /home/ahmedhussein/git/opendps/libopencm3/lib/libopencm3_stm32f1.a(dma_common_l1f013.o)
                0x080064f4                dma_set_priority
 .text.dma_set_memory_size
                0x0800650c       0x18 /home/ahmedhussein/git/opendps/libopencm3/lib/libopencm3_stm32f1.a(dma_common_l1f013.o)
                0x0800650c                dma_set_memory_size
 .text.dma_set_peripheral_size
                0x08006524       0x18 /home/ahmedhussein/git/opendps/libopencm3/lib/libopencm3_stm32f1.a(dma_common_l1f013.o)
                0x08006524                dma_set_peripheral_size
 .text.dma_enable_memory_increment_mode
                0x0800653c       0x12 /home/ahmedhussein/git/opendps/libopencm3/lib/libopencm3_stm32f1.a(dma_common_l1f013.o)
                0x0800653c                dma_enable_memory_increment_mode
 .text.dma_set_read_from_peripheral
                0x0800654e       0x12 /home/ahmedhussein/git/opendps/libopencm3/lib/libopencm3_stm32f1.a(dma_common_l1f013.o)
                0x0800654e                dma_set_read_from_peripheral
 .text.dma_set_read_from_memory
                0x08006560       0x12 /home/ahmedhussein/git/opendps/libopencm3/lib/libopencm3_stm32f1.a(dma_common_l1f013.o)
                0x08006560                dma_set_read_from_memory
 .text.dma_enable_transfer_complete_interrupt
                0x08006572       0x12 /home/ahmedhussein/git/opendps/libopencm3/lib/libopencm3_stm32f1.a(dma_common_l1f013.o)
                0x08006572                dma_enable_transfer_complete_interrupt
 .text.dma_disable_transfer_complete_interrupt
                0x08006584       0x12 /home/ahmedhussein/git/opendps/libopencm3/lib/libopencm3_stm32f1.a(dma_common_l1f013.o)
                0x08006584                dma_disable_transfer_complete_interrupt
 .text.dma_enable_channel
                0x08006596       0x12 /home/ahmedhussein/git/opendps/libopencm3/lib/libopencm3_stm32f1.a(dma_common_l1f013.o)
                0x08006596                dma_enable_channel
 .text.dma_disable_channel
                0x080065a8       0x12 /home/ahmedhussein/git/opendps/libopencm3/lib/libopencm3_stm32f1.a(dma_common_l1f013.o)
                0x080065a8                dma_disable_channel
 .text.dma_set_peripheral_address
                0x080065ba       0x12 /home/ahmedhussein/git/opendps/libopencm3/lib/libopencm3_stm32f1.a(dma_common_l1f013.o)
                0x080065ba                dma_set_peripheral_address
 .text.dma_set_memory_address
                0x080065cc       0x12 /home/ahmedhussein/git/opendps/libopencm3/lib/libopencm3_stm32f1.a(dma_common_l1f013.o)
                0x080065cc                dma_set_memory_address
 .text.dma_set_number_of_data
                0x080065de        0xc /home/ahmedhussein/git/opendps/libopencm3/lib/libopencm3_stm32f1.a(dma_common_l1f013.o)
                0x080065de                dma_set_number_of_data
 .text.gpio_set
                0x080065ea        0x4 /home/ahmedhussein/git/opendps/libopencm3/lib/libopencm3_stm32f1.a(gpio_common_all.o)
                0x080065ea                gpio_set
 .text.gpio_clear
                0x080065ee        0x6 /home/ahmedhussein/git/opendps/libopencm3/lib/libopencm3_stm32f1.a(gpio_common_all.o)
                0x080065ee                gpio_clear
 .text.gpio_get
                0x080065f4        0x6 /home/ahmedhussein/git/opendps/libopencm3/lib/libopencm3_stm32f1.a(gpio_common_all.o)
                0x080065f4                gpio_get
 .text.i2c_peripheral_enable
                0x080065fa        0xa /home/ahmedhussein/git/opendps/libopencm3/lib/libopencm3_stm32f1.a(i2c_common_all.o)
                0x080065fa                i2c_peripheral_enable
 .text.i2c_peripheral_disable
                0x08006604        0xa /home/ahmedhussein/git/opendps/libopencm3/lib/libopencm3_stm32f1.a(i2c_common_all.o)
                0x08006604                i2c_peripheral_disable
 .text.i2c_send_start
                0x0800660e        0xa /home/ahmedhussein/git/opendps/libopencm3/lib/libopencm3_stm32f1.a(i2c_common_all.o)
                0x0800660e                i2c_send_start
 .text.i2c_send_stop
                0x08006618        0xa /home/ahmedhussein/git/opendps/libopencm3/lib/libopencm3_stm32f1.a(i2c_common_all.o)
                0x08006618                i2c_send_stop
 .text.i2c_set_own_7bit_slave_address
                0x08006622        0xa /home/ahmedhussein/git/opendps/libopencm3/lib/libopencm3_stm32f1.a(i2c_common_all.o)
                0x08006622                i2c_set_own_7bit_slave_address
 .text.i2c_set_clock_frequency
                0x0800662c        0xe /home/ahmedhussein/git/opendps/libopencm3/lib/libopencm3_stm32f1.a(i2c_common_all.o)
                0x0800662c                i2c_set_clock_frequency
 .text.i2c_send_data
                0x0800663a        0x4 /home/ahmedhussein/git/opendps/libopencm3/lib/libopencm3_stm32f1.a(i2c_common_all.o)
                0x0800663a                i2c_send_data
 .text.i2c_set_fast_mode
                0x0800663e        0xa /home/ahmedhussein/git/opendps/libopencm3/lib/libopencm3_stm32f1.a(i2c_common_all.o)
                0x0800663e                i2c_set_fast_mode
 .text.i2c_set_ccr
                0x08006648        0xc /home/ahmedhussein/git/opendps/libopencm3/lib/libopencm3_stm32f1.a(i2c_common_all.o)
                0x08006648                i2c_set_ccr
 .text.i2c_set_trise
                0x08006654        0x4 /home/ahmedhussein/git/opendps/libopencm3/lib/libopencm3_stm32f1.a(i2c_common_all.o)
                0x08006654                i2c_set_trise
 .text.i2c_send_7bit_address
                0x08006658        0xa /home/ahmedhussein/git/opendps/libopencm3/lib/libopencm3_stm32f1.a(i2c_common_all.o)
                0x08006658                i2c_send_7bit_address
 *fill*         0x08006662        0x2 
 .text.iwdg_start
                0x08006664       0x10 /home/ahmedhussein/git/opendps/libopencm3/lib/libopencm3_stm32f1.a(iwdg_common_all.o)
                0x08006664                iwdg_start
 .text.iwdg_reload_busy
                0x08006674       0x10 /home/ahmedhussein/git/opendps/libopencm3/lib/libopencm3_stm32f1.a(iwdg_common_all.o)
                0x08006674                iwdg_reload_busy
 .text.iwdg_set_period_ms
                0x08006684       0x84 /home/ahmedhussein/git/opendps/libopencm3/lib/libopencm3_stm32f1.a(iwdg_common_all.o)
                0x08006684                iwdg_set_period_ms
 .text.iwdg_reset
                0x08006708       0x10 /home/ahmedhussein/git/opendps/libopencm3/lib/libopencm3_stm32f1.a(iwdg_common_all.o)
                0x08006708                iwdg_reset
 .text.spi_reset
                0x08006718       0x30 /home/ahmedhussein/git/opendps/libopencm3/lib/libopencm3_stm32f1.a(spi_common_all.o)
                0x08006718                spi_reset
 .text.spi_enable
                0x08006748        0xa /home/ahmedhussein/git/opendps/libopencm3/lib/libopencm3_stm32f1.a(spi_common_all.o)
                0x08006748                spi_enable
 .text.spi_enable_software_slave_management
                0x08006752       0x12 /home/ahmedhussein/git/opendps/libopencm3/lib/libopencm3_stm32f1.a(spi_common_all.o)
                0x08006752                spi_enable_software_slave_management
 .text.spi_set_nss_high
                0x08006764        0xa /home/ahmedhussein/git/opendps/libopencm3/lib/libopencm3_stm32f1.a(spi_common_all.o)
                0x08006764                spi_set_nss_high
 .text.spi_enable_tx_dma
                0x0800676e        0xa /home/ahmedhussein/git/opendps/libopencm3/lib/libopencm3_stm32f1.a(spi_common_all.o)
                0x0800676e                spi_enable_tx_dma
 .text.spi_disable_tx_dma
                0x08006778        0xa /home/ahmedhussein/git/opendps/libopencm3/lib/libopencm3_stm32f1.a(spi_common_all.o)
                0x08006778                spi_disable_tx_dma
 .text.spi_enable_rx_dma
                0x08006782        0xa /home/ahmedhussein/git/opendps/libopencm3/lib/libopencm3_stm32f1.a(spi_common_all.o)
                0x08006782                spi_enable_rx_dma
 .text.spi_disable_rx_dma
                0x0800678c        0xa /home/ahmedhussein/git/opendps/libopencm3/lib/libopencm3_stm32f1.a(spi_common_all.o)
                0x0800678c                spi_disable_rx_dma
 .text.spi_init_master
                0x08006796       0x28 /home/ahmedhussein/git/opendps/libopencm3/lib/libopencm3_stm32f1.a(spi_common_l1f124.o)
                0x08006796                spi_init_master
 .text.timer_set_mode
                0x080067be       0x12 /home/ahmedhussein/git/opendps/libopencm3/lib/libopencm3_stm32f1.a(timer_common_all.o)
                0x080067be                timer_set_mode
 .text.timer_set_clock_division
                0x080067d0       0x14 /home/ahmedhussein/git/opendps/libopencm3/lib/libopencm3_stm32f1.a(timer_common_all.o)
                0x080067d0                timer_set_clock_division
 .text.timer_enable_counter
                0x080067e4        0xa /home/ahmedhussein/git/opendps/libopencm3/lib/libopencm3_stm32f1.a(timer_common_all.o)
                0x080067e4                timer_enable_counter
 .text.timer_set_master_mode
                0x080067ee       0x10 /home/ahmedhussein/git/opendps/libopencm3/lib/libopencm3_stm32f1.a(timer_common_all.o)
                0x080067ee                timer_set_master_mode
 .text.timer_set_prescaler
                0x080067fe        0x4 /home/ahmedhussein/git/opendps/libopencm3/lib/libopencm3_stm32f1.a(timer_common_all.o)
                0x080067fe                timer_set_prescaler
 .text.timer_set_period
                0x08006802        0x4 /home/ahmedhussein/git/opendps/libopencm3/lib/libopencm3_stm32f1.a(timer_common_all.o)
                0x08006802                timer_set_period
 *fill*         0x08006806        0x2 
 .text.usart_set_baudrate
                0x08006808       0x28 /home/ahmedhussein/git/opendps/libopencm3/lib/libopencm3_stm32f1.a(usart_common_all.o)
                0x08006808                usart_set_baudrate
 .text.usart_set_databits
                0x08006830       0x12 /home/ahmedhussein/git/opendps/libopencm3/lib/libopencm3_stm32f1.a(usart_common_all.o)
                0x08006830                usart_set_databits
 .text.usart_set_stopbits
                0x08006842        0xc /home/ahmedhussein/git/opendps/libopencm3/lib/libopencm3_stm32f1.a(usart_common_all.o)
                0x08006842                usart_set_stopbits
 .text.usart_set_parity
                0x0800684e        0xc /home/ahmedhussein/git/opendps/libopencm3/lib/libopencm3_stm32f1.a(usart_common_all.o)
                0x0800684e                usart_set_parity
 .text.usart_set_mode
                0x0800685a        0xc /home/ahmedhussein/git/opendps/libopencm3/lib/libopencm3_stm32f1.a(usart_common_all.o)
                0x0800685a                usart_set_mode
 .text.usart_set_flow_control
                0x08006866        0xc /home/ahmedhussein/git/opendps/libopencm3/lib/libopencm3_stm32f1.a(usart_common_all.o)
                0x08006866                usart_set_flow_control
 .text.usart_enable
                0x08006872        0xa /home/ahmedhussein/git/opendps/libopencm3/lib/libopencm3_stm32f1.a(usart_common_all.o)
                0x08006872                usart_enable
 .text.usart_send_blocking
                0x0800687c       0x16 /home/ahmedhussein/git/opendps/libopencm3/lib/libopencm3_stm32f1.a(usart_common_all.o)
                0x0800687c                usart_send_blocking
 .text.usart_send
                0x08006892        0x8 /home/ahmedhussein/git/opendps/libopencm3/lib/libopencm3_stm32f1.a(usart_common_f124.o)
                0x08006892                usart_send
 .text.usart_recv
                0x0800689a        0x8 /home/ahmedhussein/git/opendps/libopencm3/lib/libopencm3_stm32f1.a(usart_common_f124.o)
                0x0800689a                usart_recv
 .text.usart_wait_send_ready
                0x080068a2        0x8 /home/ahmedhussein/git/opendps/libopencm3/lib/libopencm3_stm32f1.a(usart_common_f124.o)
                0x080068a2                usart_wait_send_ready
 .text.rcc_periph_clock_enable
                0x080068aa       0x1a /home/ahmedhussein/git/opendps/libopencm3/lib/libopencm3_stm32f1.a(rcc_common_all.o)
                0x080068aa                rcc_periph_clock_enable
 .text.rcc_periph_reset_pulse
                0x080068c4       0x22 /home/ahmedhussein/git/opendps/libopencm3/lib/libopencm3_stm32f1.a(rcc_common_all.o)
                0x080068c4                rcc_periph_reset_pulse
 *fill*         0x080068e6        0x2 
 .text.exti_set_trigger
                0x080068e8       0x48 /home/ahmedhussein/git/opendps/libopencm3/lib/libopencm3_stm32f1.a(exti_common_all.o)
                0x080068e8                exti_set_trigger
 .text.exti_enable_request
                0x08006930       0x1c /home/ahmedhussein/git/opendps/libopencm3/lib/libopencm3_stm32f1.a(exti_common_all.o)
                0x08006930                exti_enable_request
 .text.exti_reset_request
                0x0800694c        0xc /home/ahmedhussein/git/opendps/libopencm3/lib/libopencm3_stm32f1.a(exti_common_all.o)
                0x0800694c                exti_reset_request
 .text.exti_get_flag_status
                0x08006958       0x10 /home/ahmedhussein/git/opendps/libopencm3/lib/libopencm3_stm32f1.a(exti_common_all.o)
                0x08006958                exti_get_flag_status
 .text.exti_select_source
                0x08006968       0xa0 /home/ahmedhussein/git/opendps/libopencm3/lib/libopencm3_stm32f1.a(exti_common_all.o)
                0x08006968                exti_select_source
 .text.flash_set_ws
                0x08006a08       0x14 /home/ahmedhussein/git/opendps/libopencm3/lib/libopencm3_stm32f1.a(flash_common_f01.o)
                0x08006a08                flash_set_ws
 .text.flash_unlock
                0x08006a1c       0x20 /home/ahmedhussein/git/opendps/libopencm3/lib/libopencm3_stm32f1.a(flash_common_f01.o)
                0x08006a1c                flash_unlock
 .text.flash_lock
                0x08006a3c       0x10 /home/ahmedhussein/git/opendps/libopencm3/lib/libopencm3_stm32f1.a(flash_common_f01.o)
                0x08006a3c                flash_lock
 .text.flash_wait_for_last_operation
                0x08006a4c        0xc /home/ahmedhussein/git/opendps/libopencm3/lib/libopencm3_stm32f1.a(flash_common_f01.o)
                0x08006a4c                flash_wait_for_last_operation
 .text.flash_program_word
                0x08006a58       0x18 /home/ahmedhussein/git/opendps/libopencm3/lib/libopencm3_stm32f1.a(flash_common_f01.o)
                0x08006a58                flash_program_word
 .text.blocking_handler
                0x08006a70        0x2 /home/ahmedhussein/git/opendps/libopencm3/lib/libopencm3_stm32f1.a(vector.o)
                0x08006a70                usart3_isr
                0x08006a70                rtc_isr
                0x08006a70                tim7_isr
                0x08006a70                tim1_trg_com_isr
                0x08006a70                usb_hp_can_tx_isr
                0x08006a70                tim6_isr
                0x08006a70                usb_wakeup_isr
                0x08006a70                blocking_handler
                0x08006a70                tim5_isr
                0x08006a70                otg_fs_isr
                0x08006a70                spi1_isr
                0x08006a70                dma1_channel6_isr
                0x08006a70                can_rx1_isr
                0x08006a70                dma2_channel5_isr
                0x08006a70                usage_fault_handler
                0x08006a70                tim8_trg_com_isr
                0x08006a70                can2_rx0_isr
                0x08006a70                tim1_brk_isr
                0x08006a70                can2_rx1_isr
                0x08006a70                tim1_cc_isr
                0x08006a70                sdio_isr
                0x08006a70                eth_isr
                0x08006a70                tim8_brk_isr
                0x08006a70                dma2_channel4_5_isr
                0x08006a70                pvd_isr
                0x08006a70                rcc_isr
                0x08006a70                flash_isr
                0x08006a70                uart4_isr
                0x08006a70                rtc_alarm_isr
                0x08006a70                exti15_10_isr
                0x08006a70                hard_fault_handler
                0x08006a70                i2c1_ev_isr
                0x08006a70                dma2_channel1_isr
                0x08006a70                spi2_isr
                0x08006a70                tim8_up_isr
                0x08006a70                dma2_channel2_isr
                0x08006a70                adc3_isr
                0x08006a70                tim3_isr
                0x08006a70                usart2_isr
                0x08006a70                usb_lp_can_rx0_isr
                0x08006a70                i2c2_er_isr
                0x08006a70                i2c2_ev_isr
                0x08006a70                uart5_isr
                0x08006a70                fsmc_isr
                0x08006a70                dma1_channel1_isr
                0x08006a70                mem_manage_handler
                0x08006a70                can2_tx_isr
                0x08006a70                dma2_channel3_isr
                0x08006a70                dma1_channel7_isr
                0x08006a70                tim1_up_isr
                0x08006a70                can2_sce_isr
                0x08006a70                tim4_isr
                0x08006a70                dma1_channel2_isr
                0x08006a70                i2c1_er_isr
                0x08006a70                can_sce_isr
                0x08006a70                tim8_cc_isr
                0x08006a70                tamper_isr
                0x08006a70                eth_wkup_isr
                0x08006a70                bus_fault_handler
                0x08006a70                wwdg_isr
                0x08006a70                dma1_channel3_isr
                0x08006a70                spi3_isr
                0x08006a70                tim2_isr
                0x08006a70                exti0_isr
 .text.null_handler
                0x08006a72        0x2 /home/ahmedhussein/git/opendps/libopencm3/lib/libopencm3_stm32f1.a(vector.o)
                0x08006a72                null_handler
                0x08006a72                sv_call_handler
                0x08006a72                pend_sv_handler
                0x08006a72                debug_monitor_handler
                0x08006a72                nmi_handler
 .text.reset_handler
                0x08006a74       0x90 /home/ahmedhussein/git/opendps/libopencm3/lib/libopencm3_stm32f1.a(vector.o)
                0x08006a74                reset_handler
 .text.systick_set_reload
                0x08006b04        0xc /home/ahmedhussein/git/opendps/libopencm3/lib/libopencm3_stm32f1.a(systick.o)
                0x08006b04                systick_set_reload
 .text.systick_set_clocksource
                0x08006b10       0x14 /home/ahmedhussein/git/opendps/libopencm3/lib/libopencm3_stm32f1.a(systick.o)
                0x08006b10                systick_set_clocksource
 .text.systick_interrupt_enable
                0x08006b24        0xe /home/ahmedhussein/git/opendps/libopencm3/lib/libopencm3_stm32f1.a(systick.o)
                0x08006b24                systick_interrupt_enable
 .text.systick_interrupt_disable
                0x08006b32        0xe /home/ahmedhussein/git/opendps/libopencm3/lib/libopencm3_stm32f1.a(systick.o)
                0x08006b32                systick_interrupt_disable
 .text.systick_counter_enable
                0x08006b40        0xe /home/ahmedhussein/git/opendps/libopencm3/lib/libopencm3_stm32f1.a(systick.o)
                0x08006b40                systick_counter_enable
 *fill*         0x08006b4e        0x2 
 .text.scb_reset_system
                0x08006b50       0x10 /home/ahmedhussein/git/opendps/libopencm3/lib/libopencm3_stm32f1.a(scb.o)
                0x08006b50                scb_reset_system
 .text.nvic_enable_irq
                0x08006b60       0x18 /home/ahmedhussein/git/opendps/libopencm3/lib/libopencm3_stm32f1.a(nvic.o)
                0x08006b60                nvic_enable_irq
 .text.nvic_set_priority
                0x08006b78       0x20 /home/ahmedhussein/git/opendps/libopencm3/lib/libopencm3_stm32f1.a(nvic.o)
                0x08006b78                nvic_set_priority
 .text.atoi     0x08006b98        0x8 /usr/lib/gcc/arm-none-eabi/13.2.0/../../../../arm-none-eabi/lib/thumb/v7-m/nofp/libc.a(lib_a-atoi.o)
                0x08006b98                atoi
 .text          0x08006ba0       0xec /usr/lib/gcc/arm-none-eabi/13.2.0/../../../../arm-none-eabi/lib/thumb/v7-m/nofp/libc.a(lib_a-memcpy.o)
                0x08006ba0                memcpy
 .text.memset   0x08006c8c       0xa0 /usr/lib/gcc/arm-none-eabi/13.2.0/../../../../arm-none-eabi/lib/thumb/v7-m/nofp/libc.a(lib_a-memset.o)
                0x08006c8c                memset
 .text          0x08006d2c      0x1bc /usr/lib/gcc/arm-none-eabi/13.2.0/../../../../arm-none-eabi/lib/thumb/v7-m/nofp/libc.a(lib_a-strcmp.o)
                0x08006d2c                strcmp
 .text.strlen   0x08006ee8       0x5c /usr/lib/gcc/arm-none-eabi/13.2.0/../../../../arm-none-eabi/lib/thumb/v7-m/nofp/libc.a(lib_a-strlen-stub.o)
                0x08006ee8                strlen
 .text.strncmp  0x08006f44       0x84 /usr/lib/gcc/arm-none-eabi/13.2.0/../../../../arm-none-eabi/lib/thumb/v7-m/nofp/libc.a(lib_a-strncmp.o)
                0x08006f44                strncmp
 .text._strtol_l.constprop.0
                0x08006fc8      0x138 /usr/lib/gcc/arm-none-eabi/13.2.0/../../../../arm-none-eabi/lib/thumb/v7-m/nofp/libc.a(lib_a-strtol.o)
 .text.strtol   0x08007100       0x1c /usr/lib/gcc/arm-none-eabi/13.2.0/../../../../arm-none-eabi/lib/thumb/v7-m/nofp/libc.a(lib_a-strtol.o)
                0x08007100                strtol
 .text.__errno  0x0800711c        0xc /usr/lib/gcc/arm-none-eabi/13.2.0/../../../../arm-none-eabi/lib/thumb/v7-m/nofp/libc.a(lib_a-errno.o)
                0x0800711c                __errno
 .text          0x08007128      0x21c /usr/lib/gcc/arm-none-eabi/13.2.0/thumb/v7-m/nofp/libgcc.a(_arm_addsubsf3.o)
                0x08007128                __aeabi_frsub
                0x08007130                __subsf3
                0x08007130                __aeabi_fsub
                0x08007134                __aeabi_fadd
                0x08007134                __addsf3
                0x08007294                __aeabi_ui2f
                0x08007294                __floatunsisf
                0x0800729c                __aeabi_i2f
                0x0800729c                __floatsisf
                0x080072b8                __floatundisf
                0x080072b8                __aeabi_ul2f
                0x080072c8                __floatdisf
                0x080072c8                __aeabi_l2f
 .text          0x08007344      0x2a0 /usr/lib/gcc/arm-none-eabi/13.2.0/thumb/v7-m/nofp/libgcc.a(_arm_muldivsf3.o)
                0x08007344                __mulsf3
                0x08007344                __aeabi_fmul
                0x080074ac                __divsf3
                0x080074ac                __aeabi_fdiv
 .text          0x080075e4       0xec /usr/lib/gcc/arm-none-eabi/13.2.0/thumb/v7-m/nofp/libgcc.a(_arm_cmpsf2.o)
                0x080075e4                __gtsf2
                0x080075e4                __gesf2
                0x080075ec                __lesf2
                0x080075ec                __ltsf2
                0x080075f4                __nesf2
                0x080075f4                __eqsf2
                0x080075f4                __cmpsf2
                0x08007654                __aeabi_cfrcmple
                0x0800765c                __aeabi_cfcmple
                0x0800765c                __aeabi_cfcmpeq
                0x0800766c                __aeabi_fcmpeq
                0x08007680                __aeabi_fcmplt
                0x08007694                __aeabi_fcmple
                0x080076a8                __aeabi_fcmpge
                0x080076bc                __aeabi_fcmpgt
 .text          0x080076d0       0x4c /usr/lib/gcc/arm-none-eabi/13.2.0/thumb/v7-m/nofp/libgcc.a(_arm_fixsfsi.o)
                0x080076d0                __fixsfsi
                0x080076d0                __aeabi_f2iz
 .text          0x0800771c       0x40 /usr/lib/gcc/arm-none-eabi/13.2.0/thumb/v7-m/nofp/libgcc.a(_arm_fixunssfsi.o)
                0x0800771c                __aeabi_f2uiz
                0x0800771c                __fixunssfsi
                0x0800775c                        . = ALIGN (0x4)
 *(.rodata*)
 .rodata.uui_set_screen.str1.1
                0x0800775c       0xfd uui.o
                                  0xc (size before relaxing)
 .rodata.number_draw.str1.1
                0x08007859        0x3 uui_number.o
 .rodata.get_parameter.str1.1
                0x08007859        0xf settings_calibration.o
 .rodata.activated.str1.1
                0x08007859       0x3d settings_calibration.o
 .rodata.str1.1
                0x08007859        0xc settings_calibration.o
 .rodata.channels
                0x08007859        0x3 hw.o
                0x08007859                channels
 .rodata.CSWTCH.50
                0x0800785c        0x4 tft.o
 .rodata.nGammaSet
                0x08007860        0xf ili9163c.o
                0x08007860                nGammaSet
 .rodata.pGammaSet
                0x0800786f        0xf ili9163c.o
                0x0800786f                pGammaSet
 *fill*         0x0800787e        0x2 
 .rodata.mono2bpp_lookup
                0x08007880       0x40 gfx_lookup.o
                0x08007880                mono2bpp_lookup
 .rodata.font_full_small_offsets
                0x080078c0       0xc0 font-full_small.o
                0x080078c0                font_full_small_offsets
 .rodata.font_full_small_sizes
                0x08007980       0x60 font-full_small.o
                0x08007980                font_full_small_sizes
 .rodata.font_full_small_widths
                0x080079e0       0x60 font-full_small.o
                0x080079e0                font_full_small_widths
 .rodata.font_full_small_pixdata
                0x08007a40      0x570 font-full_small.o
                0x08007a40                font_full_small_pixdata
 .rodata.font_full_small_height
                0x08007fb0        0x4 font-full_small.o
                0x08007fb0                font_full_small_height
 .rodata.font_meter_small_offsets
                0x08007fb4       0xc0 font-meter_small.o
                0x08007fb4                font_meter_small_offsets
 .rodata.font_meter_small_sizes
                0x08008074       0x60 font-meter_small.o
                0x08008074                font_meter_small_sizes
 .rodata.font_meter_small_widths
                0x080080d4       0x60 font-meter_small.o
                0x080080d4                font_meter_small_widths
 .rodata.font_meter_small_pixdata
                0x08008134       0xea font-meter_small.o
                0x08008134                font_meter_small_pixdata
 *fill*         0x0800821e        0x2 
 .rodata.font_meter_small_height
                0x08008220        0x4 font-meter_small.o
                0x08008220                font_meter_small_height
 .rodata.font_meter_medium_offsets
                0x08008224       0xc0 font-meter_medium.o
                0x08008224                font_meter_medium_offsets
 .rodata.font_meter_medium_sizes
                0x080082e4       0x60 font-meter_medium.o
                0x080082e4                font_meter_medium_sizes
 .rodata.font_meter_medium_widths
                0x08008344       0x60 font-meter_medium.o
                0x08008344                font_meter_medium_widths
 .rodata.font_meter_medium_pixdata
                0x080083a4      0x1bc font-meter_medium.o
                0x080083a4                font_meter_medium_pixdata
 .rodata.font_meter_medium_height
                0x08008560        0x4 font-meter_medium.o
                0x08008560                font_meter_medium_height
 .rodata.font_meter_large_offsets
                0x08008564       0xc0 font-meter_large.o
                0x08008564                font_meter_large_offsets
 .rodata.font_meter_large_sizes
                0x08008624       0x60 font-meter_large.o
                0x08008624                font_meter_large_sizes
 .rodata.font_meter_large_widths
                0x08008684       0x60 font-meter_large.o
                0x08008684                font_meter_large_widths
 .rodata.font_meter_large_pixdata
                0x080086e4      0x6d1 font-meter_large.o
                0x080086e4                font_meter_large_pixdata
 *fill*         0x08008db5        0x3 
 .rodata.font_meter_large_height
                0x08008db8        0x4 font-meter_large.o
                0x08008db8                font_meter_large_height
 .rodata.gfx_cc
                0x08008dbc      0x1e0 gfx-cc.o
                0x08008dbc                gfx_cc
 .rodata.gfx_crosshair
                0x08008f9c      0x1e0 gfx-crosshair.o
                0x08008f9c                gfx_crosshair
 .rodata.gfx_cv
                0x0800917c      0x1e0 gfx-cv.o
                0x0800917c                gfx_cv
 .rodata.gfx_cl
                0x0800935c      0x1e0 gfx-cl.o
                0x0800935c                gfx_cl
 .rodata.gfx_padlock
                0x0800953c      0x180 gfx-padlock.o
                0x0800953c                gfx_padlock
 .rodata.gfx_wifi
                0x080096bc      0x260 gfx-wifi.o
                0x080096bc                gfx_wifi
 .rodata.opendps_set_calibration.str1.1
                0x0800991c       0x54 opendps.o
 .rodata.main.str1.1
                0x0800991c       0x2c opendps.o
 .rodata.str1.1
                0x0800991c        0x5 opendps.o
 .rodata.logo   0x0800991c     0x171c opendps.o
                0x0800991c                logo
 .rodata.gfx_poweron
                0x0800b038      0x200 gfx-poweron.o
                0x0800b038                gfx_poweron
 .rodata.get_parameter.str1.1
                0x0800b238       0x17 func_cc.o
 .rodata.func_cc_init.str1.1
                0x0800b238        0xc func_cc.o
 .rodata.str1.1
                0x0800b238        0x3 func_cc.o
 .rodata.get_parameter.str1.1
                0x0800b238       0x17 func_cv.o
 .rodata.func_cv_init.str1.1
                0x0800b238        0xc func_cv.o
 .rodata.str1.1
                0x0800b238        0x3 func_cv.o
 .rodata.get_parameter.str1.1
                0x0800b238       0x17 func_cl.o
 .rodata.func_cl_init.str1.1
                0x0800b238        0xc func_cl.o
 .rodata.str1.1
                0x0800b238        0x3 func_cl.o
 .rodata._ctype_
                0x0800b238      0x101 /usr/lib/gcc/arm-none-eabi/13.2.0/../../../../arm-none-eabi/lib/thumb/v7-m/nofp/libc.a(lib_a-ctype_.o)
                0x0800b238                _ctype_
                0x0800b33c                        . = ALIGN (0x4)
 *fill*         0x0800b339        0x3 

.glue_7         0x0800b33c        0x0
 .glue_7        0x0800b33c        0x0 linker stubs

.glue_7t        0x0800b33c        0x0
 .glue_7t       0x0800b33c        0x0 linker stubs

.vfp11_veneer   0x0800b33c        0x0
 .vfp11_veneer  0x0800b33c        0x0 linker stubs

.v4_bx          0x0800b33c        0x0
 .v4_bx         0x0800b33c        0x0 linker stubs

.iplt           0x0800b33c        0x0
 .iplt          0x0800b33c        0x0 flashlock.o

.rel.dyn        0x0800b33c        0x0
 .rel.iplt      0x0800b33c        0x0 flashlock.o

.preinit_array  0x0800b33c        0x0
                0x0800b33c                        . = ALIGN (0x4)
                0x0800b33c                        __preinit_array_start = .
 *(.preinit_array)
                0x0800b33c                        __preinit_array_end = .

.init_array     0x0800b33c        0x0
                0x0800b33c                        . = ALIGN (0x4)
                0x0800b33c                        __init_array_start = .
 *(SORT_BY_NAME(.init_array.*))
 *(.init_array)
                0x0800b33c                        __init_array_end = .

.fini_array     0x0800b33c        0x0
                0x0800b33c                        . = ALIGN (0x4)
                0x0800b33c                        __fini_array_start = .
 *(.fini_array)
 *(SORT_BY_NAME(.fini_array.*))
                0x0800b33c                        __fini_array_end = .

.ARM.extab
 *(.ARM.extab*)

.ARM.exidx      0x0800b33c        0x0
                0x0800b33c                        __exidx_start = .
 *(.ARM.exidx*)
                0x0800b33c                        __exidx_end = .
                0x0800b33c                        . = ALIGN (0x4)
                0x0800b33c                        _etext = .

.data           0x20000150      0xa48 load address 0x0800b33c
                0x20000150                        _data = .
 *(.data*)
 .data.calibration_screen
                0x20000150       0x98 settings_calibration.o
                0x20000150                calibration_screen
 .data.calibration_a_adc
                0x200001e8       0x40 settings_calibration.o
                0x200001e8                calibration_a_adc
 .data.calibration_v_adc
                0x20000228       0x40 settings_calibration.o
                0x20000228                calibration_v_adc
 .data.calibration_vin_adc
                0x20000268       0x40 settings_calibration.o
                0x20000268                calibration_vin_adc
 .data.calibration_a_dac
                0x200002a8       0x40 settings_calibration.o
                0x200002a8                calibration_a_dac
 .data.calibration_v_dac
                0x200002e8       0x40 settings_calibration.o
                0x200002e8                calibration_v_dac
 .data.falling.0
                0x20000328        0x1 hw.o
 .data.falling.1
                0x20000329        0x1 hw.o
 .data.falling.2
                0x2000032a        0x1 hw.o
 .data.falling.3
                0x2000032b        0x1 hw.o
 .data.falling.4
                0x2000032c        0x1 hw.o
 .data.measure_i_out
                0x2000032d        0x1 hw.o
 *fill*         0x2000032e        0x2 
 .data.vin_adc_c_coef
                0x20000330        0x4 pwrctl.o
                0x20000330                vin_adc_c_coef
 .data.vin_adc_k_coef
                0x20000334        0x4 pwrctl.o
                0x20000334                vin_adc_k_coef
 .data.v_dac_c_coef
                0x20000338        0x4 pwrctl.o
                0x20000338                v_dac_c_coef
 .data.v_dac_k_coef
                0x2000033c        0x4 pwrctl.o
                0x2000033c                v_dac_k_coef
 .data.v_adc_c_coef
                0x20000340        0x4 pwrctl.o
                0x20000340                v_adc_c_coef
 .data.v_adc_k_coef
                0x20000344        0x4 pwrctl.o
                0x20000344                v_adc_k_coef
 .data.a_dac_c_coef
                0x20000348        0x4 pwrctl.o
                0x20000348                a_dac_c_coef
 .data.a_dac_k_coef
                0x2000034c        0x4 pwrctl.o
                0x2000034c                a_dac_k_coef
 .data.a_adc_c_coef
                0x20000350        0x4 pwrctl.o
                0x20000350                a_adc_c_coef
 .data.a_adc_k_coef
                0x20000354        0x4 pwrctl.o
                0x20000354                a_adc_k_coef
 .data.main_screen
                0x20000358       0x88 opendps.o
                0x20000358                main_screen
 .data.input_voltage
                0x200003e0       0x40 opendps.o
                0x200003e0                input_voltage
 .data.g_past   0x20000420       0x18 opendps.o
 .data.last_tft_brightness
                0x20000438        0x1 opendps.o
 *fill*         0x20000439        0x3 
 .data.cc_screen
                0x2000043c       0x8c func_cc.o
                0x2000043c                cc_screen
 .data.cc_current
                0x200004c8       0x40 func_cc.o
                0x200004c8                cc_current
 .data.cc_voltage
                0x20000508       0x40 func_cc.o
                0x20000508                cc_voltage
 .data.cv_screen
                0x20000548       0x8c func_cv.o
                0x20000548                cv_screen
 .data.cv_current
                0x200005d4       0x40 func_cv.o
                0x200005d4                cv_current
 .data.cv_voltage
                0x20000614       0x40 func_cv.o
                0x20000614                cv_voltage
 .data.cl_screen
                0x20000654       0x8c func_cl.o
                0x20000654                cl_screen
 .data.cl_current
                0x200006e0       0x40 func_cl.o
                0x200006e0                cl_current
 .data.cl_voltage
                0x20000720       0x40 func_cl.o
                0x20000720                cl_voltage
 .data.rcc_ahb_frequency
                0x20000760        0x4 /home/ahmedhussein/git/opendps/libopencm3/lib/libopencm3_stm32f1.a(rcc.o)
                0x20000760                rcc_ahb_frequency
 .data.rcc_apb2_frequency
                0x20000764        0x4 /home/ahmedhussein/git/opendps/libopencm3/lib/libopencm3_stm32f1.a(rcc.o)
                0x20000764                rcc_apb2_frequency
 .data.rcc_apb1_frequency
                0x20000768        0x4 /home/ahmedhussein/git/opendps/libopencm3/lib/libopencm3_stm32f1.a(rcc.o)
                0x20000768                rcc_apb1_frequency
 .data._impure_ptr
                0x2000076c        0x4 /usr/lib/gcc/arm-none-eabi/13.2.0/../../../../arm-none-eabi/lib/thumb/v7-m/nofp/libc.a(lib_a-impure.o)
                0x2000076c                _impure_ptr
 .data.impure_data
                0x20000770      0x428 /usr/lib/gcc/arm-none-eabi/13.2.0/../../../../arm-none-eabi/lib/thumb/v7-m/nofp/libc.a(lib_a-impure.o)
                0x20000b98                        . = ALIGN (0x4)
                0x20000b98                        _edata = .
                0x0800b33c                        _data_loadaddr = LOADADDR (.data)

.igot.plt       0x20000b98        0x0 load address 0x0800bd84
 .igot.plt      0x20000b98        0x0 flashlock.o

.bss            0x20000b98      0x864 load address 0x0800bd84
 *(.bss*)
 .bss.flash_unlock_count
                0x20000b98        0x4 flashlock.o
 .bss.ovp_count.5
                0x20000b9c        0x4 hw.o
 .bss.last_tick_counter.6
                0x20000ba0        0x4 hw.o
 .bss.ocp_count.7
                0x20000ba4        0x4 hw.o
 .bss.last_tick_counter.8
                0x20000ba8        0x4 hw.o
 .bss.i_offset_calc
                0x20000bac        0x4 hw.o
 .bss.adc_i_offset
                0x20000bb0        0x4 hw.o
 .bss.adc_counter
                0x20000bb4        0x4 hw.o
 .bss.m1_and_m2_pressed
                0x20000bb8        0x1 hw.o
 .bss.m2_pressed
                0x20000bb9        0x1 hw.o
 .bss.m1_pressed
                0x20000bba        0x1 hw.o
 .bss.set_skip  0x20000bbb        0x1 hw.o
 .bss.set_pressed
                0x20000bbc        0x1 hw.o
 .bss.longpress_detected
                0x20000bbd        0x1 hw.o
 *fill*         0x20000bbe        0x2 
 .bss.longpress_start
                0x20000bc0        0x8 hw.o
 .bss.longpress_event
                0x20000bc8        0x1 hw.o
 *fill*         0x20000bc9        0x7 
 .bss.last_button_down
                0x20000bd0        0x8 hw.o
 .bss.v_out_trig_adc
                0x20000bd8        0x2 hw.o
 .bss.v_out_adc
                0x20000bda        0x2 hw.o
 .bss.v_in_adc  0x20000bdc        0x2 hw.o
 .bss.i_out_trig_adc
                0x20000bde        0x2 hw.o
 .bss.i_out_adc
                0x20000be0        0x2 hw.o
 *fill*         0x20000be2        0x2 
 .bss.pwrctl_v_limit_raw
                0x20000be4        0x4 pwrctl.o
                0x20000be4                pwrctl_v_limit_raw
 .bss.pwrctl_i_limit_raw
                0x20000be8        0x4 pwrctl.o
                0x20000be8                pwrctl_i_limit_raw
 .bss.v_out_enabled
                0x20000bec        0x1 pwrctl.o
 *fill*         0x20000bed        0x3 
 .bss.v_limit   0x20000bf0        0x4 pwrctl.o
 .bss.i_limit   0x20000bf4        0x4 pwrctl.o
 .bss.v_out     0x20000bf8        0x4 pwrctl.o
 .bss.i_out     0x20000bfc        0x4 pwrctl.o
 .bss.buffer    0x20000c00       0x80 event.o
 .bss.events    0x20000c80       0x10 event.o
 .bss.ticks_upper
                0x20000c90        0x4 tick.o
 .bss.ticks_lower
                0x20000c94        0x4 tick.o
 .bss.blit_buffer
                0x20000c98      0x604 tft.o
 .bss.is_inverted
                0x2000129c        0x1 tft.o
 .bss.dma_status
                0x2000129d        0x1 spi_driver.o
 .bss.rotation  0x2000129e        0x1 ili9163c.o
 *fill*         0x2000129f        0x1 
 .bss.screen_height
                0x200012a0        0x2 ili9163c.o
 .bss.screen_width
                0x200012a2        0x2 ili9163c.o
 .bss.colorspace_data
                0x200012a4        0x1 ili9163c.o
 .bss.mad_ctrl_value
                0x200012a5        0x1 ili9163c.o
 *fill*         0x200012a6        0x2 
 .bss.last_tft_flash.0
                0x200012a8        0x8 opendps.o
 .bss.last_lock_flash.1
                0x200012b0        0x8 opendps.o
 .bss.last_wifi_update.2
                0x200012b8        0x8 opendps.o
 .bss.last.3    0x200012c0        0x8 opendps.o
 .bss.current_ui
                0x200012c8        0x4 opendps.o
 .bss.main_ui   0x200012cc       0x20 opendps.o
 .bss.settings_ui
                0x200012ec       0x20 opendps.o
 .bss.func_ui   0x2000130c       0x20 opendps.o
 .bss.last_tft_inv_setting
                0x2000132c        0x1 opendps.o
 .bss.is_enabled
                0x2000132d        0x1 opendps.o
 .bss.is_locked
                0x2000132e        0x1 opendps.o
 .bss.wifi_status
                0x2000132f        0x1 opendps.o
 .bss.lock_flash_counter
                0x20001330        0x4 opendps.o
 .bss.lock_visible
                0x20001334        0x1 opendps.o
 *fill*         0x20001335        0x3 
 .bss.lock_flashing_period
                0x20001338        0x4 opendps.o
 .bss.wifi_status_visible
                0x2000133c        0x1 opendps.o
 *fill*         0x2000133d        0x3 
 .bss.wifi_status_flashing_period
                0x20001340        0x4 opendps.o
 .bss.tft_flash_counter
                0x20001344        0x4 opendps.o
 .bss.tft_flashing_period
                0x20001348        0x4 opendps.o
 .bss.ui_height
                0x2000134c        0x4 opendps.o
 .bss.ui_width  0x20001350        0x4 opendps.o
 .bss.bg_color  0x20001354        0x2 opendps.o
 *fill*         0x20001356        0x2 
 .bss.saved_i   0x20001358        0x4 func_cc.o
 .bss.saved_u   0x2000135c        0x4 func_cc.o
 .bss.saved_i   0x20001360        0x4 func_cv.o
 .bss.saved_u   0x20001364        0x4 func_cv.o
 .bss.current_mode_gfx
                0x20001368        0x1 func_cl.o
                0x20001368                current_mode_gfx
 *fill*         0x20001369        0x3 
 .bss.saved_i   0x2000136c        0x4 func_cl.o
 .bss.saved_u   0x20001370        0x4 func_cl.o
 .bss.receiving_frame
                0x20001374        0x1 protocol_handler.o
 *fill*         0x20001375        0x3 
 .bss.rx_idx    0x20001378        0x4 protocol_handler.o
 .bss.frame_buffer
                0x2000137c       0x80 protocol_handler.o
 *(COMMON)
                0x200013fc                        . = ALIGN (0x4)
                0x200013fc                        _ebss = .

/DISCARD/
 *(.eh_frame)
                0x200013fc                        . = ALIGN (0x4)
                0x200013fc                        end = .
                0x20001ff0                        PROVIDE (_stack = (ORIGIN (ram) + LENGTH (ram)))

.past           0x0800f800      0x800
                0x0800f800                        _past_start = .
                0x08010000                        . = (. + past_size)
 *fill*         0x0800f800      0x800 
                0x08010000                        _past_end = .

.bootcom        0x20001ff0       0x10
                0x20001ff0                        _bootcom_start = .
                0x20002000                        . = (. + bootcom_size)
 *fill*         0x20001ff0       0x10 
                0x20002000                        _bootcom_end = .

.ram_vect       0x20000000      0x150
                0x20000000                        _ram_vect_start = .
                0x20000150                        . = (. + vector_size)
 *fill*         0x20000000      0x150 
                0x20000150                        _ram_vect_end = .
OUTPUT(opendps_DPS5005.elf elf32-littlearm)
LOAD linker stubs

.debug_info     0x00000000    0x1d412
 .debug_info    0x00000000       0xdf flashlock.o
 .debug_info    0x000000df      0x1b5 bootcom.o
 .debug_info    0x00000294      0x157 crc16.o
 .debug_info    0x000003eb      0xd40 uui.o
 .debug_info    0x0000112b      0xda2 uui_number.o
 .debug_info    0x00001ecd      0xf43 settings_calibration.o
 .debug_info    0x00002e10     0x2775 hw.o
 .debug_info    0x00005585      0xb71 pwrctl.o
 .debug_info    0x000060f6      0x383 event.o
 .debug_info    0x00006479      0xe50 past.o
 .debug_info    0x000072c9      0x1e1 tick.o
 .debug_info    0x000074aa     0x1385 tft.o
 .debug_info    0x0000882f      0xa37 spi_driver.o
 .debug_info    0x00009266      0x1f0 ringbuf.o
 .debug_info    0x00009456      0xec5 ili9163c.o
 .debug_info    0x0000a31b      0x5ee mini-printf.o
 .debug_info    0x0000a909       0xb1 gfx_lookup.o
 .debug_info    0x0000a9ba      0x176 font-full_small.o
 .debug_info    0x0000ab30      0x173 font-meter_small.o
 .debug_info    0x0000aca3      0x174 font-meter_medium.o
 .debug_info    0x0000ae17      0x174 font-meter_large.o
 .debug_info    0x0000af8b       0xb2 gfx-cc.o
 .debug_info    0x0000b03d       0xb2 gfx-crosshair.o
 .debug_info    0x0000b0ef       0xb2 gfx-cv.o
 .debug_info    0x0000b1a1       0xb2 gfx-cl.o
 .debug_info    0x0000b253       0xb2 gfx-padlock.o
 .debug_info    0x0000b305       0xb2 gfx-wifi.o
 .debug_info    0x0000b3b7     0x2293 opendps.o
 .debug_info    0x0000d64a       0xf3 wdog.o
 .debug_info    0x0000d73d       0xb2 gfx-poweron.o
 .debug_info    0x0000d7ef     0x105a func_cc.o
 .debug_info    0x0000e849     0x105a func_cv.o
 .debug_info    0x0000f8a3     0x1165 func_cl.o
 .debug_info    0x00010a08      0x840 uframe.o
 .debug_info    0x00011248      0xa8f protocol.o
 .debug_info    0x00011cd7     0x1dba protocol_handler.o
 .debug_info    0x00013a91      0x399 /home/ahmedhussein/git/opendps/libopencm3/lib/libopencm3_stm32f1.a(adc.o)
 .debug_info    0x00013e2a      0x7e3 /home/ahmedhussein/git/opendps/libopencm3/lib/libopencm3_stm32f1.a(adc_common_v1.o)
 .debug_info    0x0001460d      0x2f6 /home/ahmedhussein/git/opendps/libopencm3/lib/libopencm3_stm32f1.a(flash.o)
 .debug_info    0x00014903      0x1f8 /home/ahmedhussein/git/opendps/libopencm3/lib/libopencm3_stm32f1.a(gpio.o)
 .debug_info    0x00014afb     0x10c1 /home/ahmedhussein/git/opendps/libopencm3/lib/libopencm3_stm32f1.a(rcc.o)
 .debug_info    0x00015bbc      0x73d /home/ahmedhussein/git/opendps/libopencm3/lib/libopencm3_stm32f1.a(dma_common_l1f013.o)
 .debug_info    0x000162f9      0x256 /home/ahmedhussein/git/opendps/libopencm3/lib/libopencm3_stm32f1.a(gpio_common_all.o)
 .debug_info    0x0001654f      0x77d /home/ahmedhussein/git/opendps/libopencm3/lib/libopencm3_stm32f1.a(i2c_common_all.o)
 .debug_info    0x00016ccc      0x16f /home/ahmedhussein/git/opendps/libopencm3/lib/libopencm3_stm32f1.a(iwdg_common_all.o)
 .debug_info    0x00016e3b      0x96e /home/ahmedhussein/git/opendps/libopencm3/lib/libopencm3_stm32f1.a(spi_common_all.o)
 .debug_info    0x000177a9      0x155 /home/ahmedhussein/git/opendps/libopencm3/lib/libopencm3_stm32f1.a(spi_common_l1f124.o)
 .debug_info    0x000178fe     0x1184 /home/ahmedhussein/git/opendps/libopencm3/lib/libopencm3_stm32f1.a(timer_common_all.o)
 .debug_info    0x00018a82      0x4f0 /home/ahmedhussein/git/opendps/libopencm3/lib/libopencm3_stm32f1.a(usart_common_all.o)
 .debug_info    0x00018f72      0x1e0 /home/ahmedhussein/git/opendps/libopencm3/lib/libopencm3_stm32f1.a(usart_common_f124.o)
 .debug_info    0x00019152      0x52b /home/ahmedhussein/git/opendps/libopencm3/lib/libopencm3_stm32f1.a(rcc_common_all.o)
 .debug_info    0x0001967d      0x222 /home/ahmedhussein/git/opendps/libopencm3/lib/libopencm3_stm32f1.a(exti_common_all.o)
 .debug_info    0x0001989f      0x297 /home/ahmedhussein/git/opendps/libopencm3/lib/libopencm3_stm32f1.a(flash_common_f01.o)
 .debug_info    0x00019b36      0x2ad /home/ahmedhussein/git/opendps/libopencm3/lib/libopencm3_stm32f1.a(vector.o)
 .debug_info    0x00019de3      0x28f /home/ahmedhussein/git/opendps/libopencm3/lib/libopencm3_stm32f1.a(systick.o)
 .debug_info    0x0001a072       0xe2 /home/ahmedhussein/git/opendps/libopencm3/lib/libopencm3_stm32f1.a(scb.o)
 .debug_info    0x0001a154      0x239 /home/ahmedhussein/git/opendps/libopencm3/lib/libopencm3_stm32f1.a(nvic.o)
 .debug_info    0x0001a38d      0x97f /usr/lib/gcc/arm-none-eabi/13.2.0/../../../../arm-none-eabi/lib/thumb/v7-m/nofp/libc.a(lib_a-atoi.o)
 .debug_info    0x0001ad0c       0x31 /usr/lib/gcc/arm-none-eabi/13.2.0/../../../../arm-none-eabi/lib/thumb/v7-m/nofp/libc.a(lib_a-memcpy.o)
 .debug_info    0x0001ad3d      0x135 /usr/lib/gcc/arm-none-eabi/13.2.0/../../../../arm-none-eabi/lib/thumb/v7-m/nofp/libc.a(lib_a-memset.o)
 .debug_info    0x0001ae72       0x31 /usr/lib/gcc/arm-none-eabi/13.2.0/../../../../arm-none-eabi/lib/thumb/v7-m/nofp/libc.a(lib_a-strcmp.o)
 .debug_info    0x0001aea3       0xbd /usr/lib/gcc/arm-none-eabi/13.2.0/../../../../arm-none-eabi/lib/thumb/v7-m/nofp/libc.a(lib_a-strlen-stub.o)
 .debug_info    0x0001af60      0x108 /usr/lib/gcc/arm-none-eabi/13.2.0/../../../../arm-none-eabi/lib/thumb/v7-m/nofp/libc.a(lib_a-strncmp.o)
 .debug_info    0x0001b068      0xf02 /usr/lib/gcc/arm-none-eabi/13.2.0/../../../../arm-none-eabi/lib/thumb/v7-m/nofp/libc.a(lib_a-strtol.o)
 .debug_info    0x0001bf6a       0xb9 /usr/lib/gcc/arm-none-eabi/13.2.0/../../../../arm-none-eabi/lib/thumb/v7-m/nofp/libc.a(lib_a-ctype_.o)
 .debug_info    0x0001c023      0x8b3 /usr/lib/gcc/arm-none-eabi/13.2.0/../../../../arm-none-eabi/lib/thumb/v7-m/nofp/libc.a(lib_a-errno.o)
 .debug_info    0x0001c8d6      0x8c8 /usr/lib/gcc/arm-none-eabi/13.2.0/../../../../arm-none-eabi/lib/thumb/v7-m/nofp/libc.a(lib_a-impure.o)
 .debug_info    0x0001d19e       0xca /usr/lib/gcc/arm-none-eabi/13.2.0/thumb/v7-m/nofp/libgcc.a(_arm_addsubsf3.o)
 .debug_info    0x0001d268       0x57 /usr/lib/gcc/arm-none-eabi/13.2.0/thumb/v7-m/nofp/libgcc.a(_arm_muldivsf3.o)
 .debug_info    0x0001d2bf       0xdb /usr/lib/gcc/arm-none-eabi/13.2.0/thumb/v7-m/nofp/libgcc.a(_arm_cmpsf2.o)
 .debug_info    0x0001d39a       0x3c /usr/lib/gcc/arm-none-eabi/13.2.0/thumb/v7-m/nofp/libgcc.a(_arm_fixsfsi.o)
 .debug_info    0x0001d3d6       0x3c /usr/lib/gcc/arm-none-eabi/13.2.0/thumb/v7-m/nofp/libgcc.a(_arm_fixunssfsi.o)

.debug_abbrev   0x00000000     0x67b0
 .debug_abbrev  0x00000000       0xa8 flashlock.o
 .debug_abbrev  0x000000a8       0xf6 bootcom.o
 .debug_abbrev  0x0000019e       0xb8 crc16.o
 .debug_abbrev  0x00000256      0x3f1 uui.o
 .debug_abbrev  0x00000647      0x2f6 uui_number.o
 .debug_abbrev  0x0000093d      0x314 settings_calibration.o
 .debug_abbrev  0x00000c51      0x408 hw.o
 .debug_abbrev  0x00001059      0x2da pwrctl.o
 .debug_abbrev  0x00001333      0x19e event.o
 .debug_abbrev  0x000014d1      0x398 past.o
 .debug_abbrev  0x00001869      0x140 tick.o
 .debug_abbrev  0x000019a9      0x367 tft.o
 .debug_abbrev  0x00001d10      0x172 spi_driver.o
 .debug_abbrev  0x00001e82       0xfe ringbuf.o
 .debug_abbrev  0x00001f80      0x291 ili9163c.o
 .debug_abbrev  0x00002211      0x25b mini-printf.o
 .debug_abbrev  0x0000246c       0x70 gfx_lookup.o
 .debug_abbrev  0x000024dc       0x8a font-full_small.o
 .debug_abbrev  0x00002566       0x72 font-meter_small.o
 .debug_abbrev  0x000025d8       0x7b font-meter_medium.o
 .debug_abbrev  0x00002653       0x7b font-meter_large.o
 .debug_abbrev  0x000026ce       0x70 gfx-cc.o
 .debug_abbrev  0x0000273e       0x70 gfx-crosshair.o
 .debug_abbrev  0x000027ae       0x70 gfx-cv.o
 .debug_abbrev  0x0000281e       0x70 gfx-cl.o
 .debug_abbrev  0x0000288e       0x70 gfx-padlock.o
 .debug_abbrev  0x000028fe       0x70 gfx-wifi.o
 .debug_abbrev  0x0000296e      0x4b2 opendps.o
 .debug_abbrev  0x00002e20       0xbe wdog.o
 .debug_abbrev  0x00002ede       0x70 gfx-poweron.o
 .debug_abbrev  0x00002f4e      0x33b func_cc.o
 .debug_abbrev  0x00003289      0x34f func_cv.o
 .debug_abbrev  0x000035d8      0x34a func_cl.o
 .debug_abbrev  0x00003922      0x267 uframe.o
 .debug_abbrev  0x00003b89      0x1aa protocol.o
 .debug_abbrev  0x00003d33      0x364 protocol_handler.o
 .debug_abbrev  0x00004097      0x195 /home/ahmedhussein/git/opendps/libopencm3/lib/libopencm3_stm32f1.a(adc.o)
 .debug_abbrev  0x0000422c      0x1ab /home/ahmedhussein/git/opendps/libopencm3/lib/libopencm3_stm32f1.a(adc_common_v1.o)
 .debug_abbrev  0x000043d7      0x162 /home/ahmedhussein/git/opendps/libopencm3/lib/libopencm3_stm32f1.a(flash.o)
 .debug_abbrev  0x00004539       0xd2 /home/ahmedhussein/git/opendps/libopencm3/lib/libopencm3_stm32f1.a(gpio.o)
 .debug_abbrev  0x0000460b      0x299 /home/ahmedhussein/git/opendps/libopencm3/lib/libopencm3_stm32f1.a(rcc.o)
 .debug_abbrev  0x000048a4      0x14b /home/ahmedhussein/git/opendps/libopencm3/lib/libopencm3_stm32f1.a(dma_common_l1f013.o)
 .debug_abbrev  0x000049ef      0x115 /home/ahmedhussein/git/opendps/libopencm3/lib/libopencm3_stm32f1.a(gpio_common_all.o)
 .debug_abbrev  0x00004b04      0x1c7 /home/ahmedhussein/git/opendps/libopencm3/lib/libopencm3_stm32f1.a(i2c_common_all.o)
 .debug_abbrev  0x00004ccb       0xf8 /home/ahmedhussein/git/opendps/libopencm3/lib/libopencm3_stm32f1.a(iwdg_common_all.o)
 .debug_abbrev  0x00004dc3      0x1e7 /home/ahmedhussein/git/opendps/libopencm3/lib/libopencm3_stm32f1.a(spi_common_all.o)
 .debug_abbrev  0x00004faa       0xd3 /home/ahmedhussein/git/opendps/libopencm3/lib/libopencm3_stm32f1.a(spi_common_l1f124.o)
 .debug_abbrev  0x0000507d      0x1da /home/ahmedhussein/git/opendps/libopencm3/lib/libopencm3_stm32f1.a(timer_common_all.o)
 .debug_abbrev  0x00005257      0x164 /home/ahmedhussein/git/opendps/libopencm3/lib/libopencm3_stm32f1.a(usart_common_all.o)
 .debug_abbrev  0x000053bb       0xca /home/ahmedhussein/git/opendps/libopencm3/lib/libopencm3_stm32f1.a(usart_common_f124.o)
 .debug_abbrev  0x00005485      0x13a /home/ahmedhussein/git/opendps/libopencm3/lib/libopencm3_stm32f1.a(rcc_common_all.o)
 .debug_abbrev  0x000055bf      0x103 /home/ahmedhussein/git/opendps/libopencm3/lib/libopencm3_stm32f1.a(exti_common_all.o)
 .debug_abbrev  0x000056c2       0xf3 /home/ahmedhussein/git/opendps/libopencm3/lib/libopencm3_stm32f1.a(flash_common_f01.o)
 .debug_abbrev  0x000057b5      0x14c /home/ahmedhussein/git/opendps/libopencm3/lib/libopencm3_stm32f1.a(vector.o)
 .debug_abbrev  0x00005901      0x14e /home/ahmedhussein/git/opendps/libopencm3/lib/libopencm3_stm32f1.a(systick.o)
 .debug_abbrev  0x00005a4f       0x88 /home/ahmedhussein/git/opendps/libopencm3/lib/libopencm3_stm32f1.a(scb.o)
 .debug_abbrev  0x00005ad7       0xb6 /home/ahmedhussein/git/opendps/libopencm3/lib/libopencm3_stm32f1.a(nvic.o)
 .debug_abbrev  0x00005b8d      0x222 /usr/lib/gcc/arm-none-eabi/13.2.0/../../../../arm-none-eabi/lib/thumb/v7-m/nofp/libc.a(lib_a-atoi.o)
 .debug_abbrev  0x00005daf       0x21 /usr/lib/gcc/arm-none-eabi/13.2.0/../../../../arm-none-eabi/lib/thumb/v7-m/nofp/libc.a(lib_a-memcpy.o)
 .debug_abbrev  0x00005dd0       0xb7 /usr/lib/gcc/arm-none-eabi/13.2.0/../../../../arm-none-eabi/lib/thumb/v7-m/nofp/libc.a(lib_a-memset.o)
 .debug_abbrev  0x00005e87       0x21 /usr/lib/gcc/arm-none-eabi/13.2.0/../../../../arm-none-eabi/lib/thumb/v7-m/nofp/libc.a(lib_a-strcmp.o)
 .debug_abbrev  0x00005ea8       0x78 /usr/lib/gcc/arm-none-eabi/13.2.0/../../../../arm-none-eabi/lib/thumb/v7-m/nofp/libc.a(lib_a-strlen-stub.o)
 .debug_abbrev  0x00005f20       0x92 /usr/lib/gcc/arm-none-eabi/13.2.0/../../../../arm-none-eabi/lib/thumb/v7-m/nofp/libc.a(lib_a-strncmp.o)
 .debug_abbrev  0x00005fb2      0x33c /usr/lib/gcc/arm-none-eabi/13.2.0/../../../../arm-none-eabi/lib/thumb/v7-m/nofp/libc.a(lib_a-strtol.o)
 .debug_abbrev  0x000062ee       0x62 /usr/lib/gcc/arm-none-eabi/13.2.0/../../../../arm-none-eabi/lib/thumb/v7-m/nofp/libc.a(lib_a-ctype_.o)
 .debug_abbrev  0x00006350      0x1ce /usr/lib/gcc/arm-none-eabi/13.2.0/../../../../arm-none-eabi/lib/thumb/v7-m/nofp/libc.a(lib_a-errno.o)
 .debug_abbrev  0x0000651e      0x1ca /usr/lib/gcc/arm-none-eabi/13.2.0/../../../../arm-none-eabi/lib/thumb/v7-m/nofp/libc.a(lib_a-impure.o)
 .debug_abbrev  0x000066e8       0x28 /usr/lib/gcc/arm-none-eabi/13.2.0/thumb/v7-m/nofp/libgcc.a(_arm_addsubsf3.o)
 .debug_abbrev  0x00006710       0x28 /usr/lib/gcc/arm-none-eabi/13.2.0/thumb/v7-m/nofp/libgcc.a(_arm_muldivsf3.o)
 .debug_abbrev  0x00006738       0x28 /usr/lib/gcc/arm-none-eabi/13.2.0/thumb/v7-m/nofp/libgcc.a(_arm_cmpsf2.o)
 .debug_abbrev  0x00006760       0x28 /usr/lib/gcc/arm-none-eabi/13.2.0/thumb/v7-m/nofp/libgcc.a(_arm_fixsfsi.o)
 .debug_abbrev  0x00006788       0x28 /usr/lib/gcc/arm-none-eabi/13.2.0/thumb/v7-m/nofp/libgcc.a(_arm_fixunssfsi.o)

.debug_aranges  0x00000000     0x1a00
 .debug_aranges
                0x00000000       0x28 flashlock.o
 .debug_aranges
                0x00000028       0x28 bootcom.o
 .debug_aranges
                0x00000050       0x28 crc16.o
 .debug_aranges
                0x00000078       0x90 uui.o
 .debug_aranges
                0x00000108       0x38 uui_number.o
 .debug_aranges
                0x00000140       0x68 settings_calibration.o
 .debug_aranges
                0x000001a8       0xc0 hw.o
 .debug_aranges
                0x00000268       0xa8 pwrctl.o
 .debug_aranges
                0x00000310       0x30 event.o
 .debug_aranges
                0x00000340       0x70 past.o
 .debug_aranges
                0x000003b0       0x38 tick.o
 .debug_aranges
                0x000003e8       0x90 tft.o
 .debug_aranges
                0x00000478       0x38 spi_driver.o
 .debug_aranges
                0x000004b0       0x30 ringbuf.o
 .debug_aranges
                0x000004e0       0xa0 ili9163c.o
 .debug_aranges
                0x00000580       0x40 mini-printf.o
 .debug_aranges
                0x000005c0       0x18 gfx_lookup.o
 .debug_aranges
                0x000005d8       0x18 font-full_small.o
 .debug_aranges
                0x000005f0       0x18 font-meter_small.o
 .debug_aranges
                0x00000608       0x18 font-meter_medium.o
 .debug_aranges
                0x00000620       0x18 font-meter_large.o
 .debug_aranges
                0x00000638       0x18 gfx-cc.o
 .debug_aranges
                0x00000650       0x18 gfx-crosshair.o
 .debug_aranges
                0x00000668       0x18 gfx-cv.o
 .debug_aranges
                0x00000680       0x18 gfx-cl.o
 .debug_aranges
                0x00000698       0x18 gfx-padlock.o
 .debug_aranges
                0x000006b0       0x18 gfx-wifi.o
 .debug_aranges
                0x000006c8       0xb8 opendps.o
 .debug_aranges
                0x00000780       0x28 wdog.o
 .debug_aranges
                0x000007a8       0x18 gfx-poweron.o
 .debug_aranges
                0x000007c0       0x60 func_cc.o
 .debug_aranges
                0x00000820       0x60 func_cv.o
 .debug_aranges
                0x00000880       0x68 func_cl.o
 .debug_aranges
                0x000008e8       0x80 uframe.o
 .debug_aranges
                0x00000968       0x78 protocol.o
 .debug_aranges
                0x000009e0       0x30 protocol_handler.o
 .debug_aranges
                0x00000a10       0x98 /home/ahmedhussein/git/opendps/libopencm3/lib/libopencm3_stm32f1.a(adc.o)
 .debug_aranges
                0x00000aa8      0x148 /home/ahmedhussein/git/opendps/libopencm3/lib/libopencm3_stm32f1.a(adc_common_v1.o)
 .debug_aranges
                0x00000bf0       0x80 /home/ahmedhussein/git/opendps/libopencm3/lib/libopencm3_stm32f1.a(flash.o)
 .debug_aranges
                0x00000c70       0x38 /home/ahmedhussein/git/opendps/libopencm3/lib/libopencm3_stm32f1.a(gpio.o)
 .debug_aranges
                0x00000ca8      0x160 /home/ahmedhussein/git/opendps/libopencm3/lib/libopencm3_stm32f1.a(rcc.o)
 .debug_aranges
                0x00000e08       0xe0 /home/ahmedhussein/git/opendps/libopencm3/lib/libopencm3_stm32f1.a(dma_common_l1f013.o)
 .debug_aranges
                0x00000ee8       0x50 /home/ahmedhussein/git/opendps/libopencm3/lib/libopencm3_stm32f1.a(gpio_common_all.o)
 .debug_aranges
                0x00000f38      0x108 /home/ahmedhussein/git/opendps/libopencm3/lib/libopencm3_stm32f1.a(i2c_common_all.o)
 .debug_aranges
                0x00001040       0x40 /home/ahmedhussein/git/opendps/libopencm3/lib/libopencm3_stm32f1.a(iwdg_common_all.o)
 .debug_aranges
                0x00001080      0x178 /home/ahmedhussein/git/opendps/libopencm3/lib/libopencm3_stm32f1.a(spi_common_all.o)
 .debug_aranges
                0x000011f8       0x30 /home/ahmedhussein/git/opendps/libopencm3/lib/libopencm3_stm32f1.a(spi_common_l1f124.o)
 .debug_aranges
                0x00001228      0x278 /home/ahmedhussein/git/opendps/libopencm3/lib/libopencm3_stm32f1.a(timer_common_all.o)
 .debug_aranges
                0x000014a0       0xb8 /home/ahmedhussein/git/opendps/libopencm3/lib/libopencm3_stm32f1.a(usart_common_all.o)
 .debug_aranges
                0x00001558       0x48 /home/ahmedhussein/git/opendps/libopencm3/lib/libopencm3_stm32f1.a(usart_common_f124.o)
 .debug_aranges
                0x000015a0       0x68 /home/ahmedhussein/git/opendps/libopencm3/lib/libopencm3_stm32f1.a(rcc_common_all.o)
 .debug_aranges
                0x00001608       0x48 /home/ahmedhussein/git/opendps/libopencm3/lib/libopencm3_stm32f1.a(exti_common_all.o)
 .debug_aranges
                0x00001650       0x88 /home/ahmedhussein/git/opendps/libopencm3/lib/libopencm3_stm32f1.a(flash_common_f01.o)
 .debug_aranges
                0x000016d8       0x30 /home/ahmedhussein/git/opendps/libopencm3/lib/libopencm3_stm32f1.a(vector.o)
 .debug_aranges
                0x00001708       0x78 /home/ahmedhussein/git/opendps/libopencm3/lib/libopencm3_stm32f1.a(systick.o)
 .debug_aranges
                0x00001780       0x30 /home/ahmedhussein/git/opendps/libopencm3/lib/libopencm3_stm32f1.a(scb.o)
 .debug_aranges
                0x000017b0       0x60 /home/ahmedhussein/git/opendps/libopencm3/lib/libopencm3_stm32f1.a(nvic.o)
 .debug_aranges
                0x00001810       0x28 /usr/lib/gcc/arm-none-eabi/13.2.0/../../../../arm-none-eabi/lib/thumb/v7-m/nofp/libc.a(lib_a-atoi.o)
 .debug_aranges
                0x00001838       0x20 /usr/lib/gcc/arm-none-eabi/13.2.0/../../../../arm-none-eabi/lib/thumb/v7-m/nofp/libc.a(lib_a-memcpy.o)
 .debug_aranges
                0x00001858       0x20 /usr/lib/gcc/arm-none-eabi/13.2.0/../../../../arm-none-eabi/lib/thumb/v7-m/nofp/libc.a(lib_a-memset.o)
 .debug_aranges
                0x00001878       0x20 /usr/lib/gcc/arm-none-eabi/13.2.0/../../../../arm-none-eabi/lib/thumb/v7-m/nofp/libc.a(lib_a-strcmp.o)
 .debug_aranges
                0x00001898       0x20 /usr/lib/gcc/arm-none-eabi/13.2.0/../../../../arm-none-eabi/lib/thumb/v7-m/nofp/libc.a(lib_a-strlen-stub.o)
 .debug_aranges
                0x000018b8       0x20 /usr/lib/gcc/arm-none-eabi/13.2.0/../../../../arm-none-eabi/lib/thumb/v7-m/nofp/libc.a(lib_a-strncmp.o)
 .debug_aranges
                0x000018d8       0x38 /usr/lib/gcc/arm-none-eabi/13.2.0/../../../../arm-none-eabi/lib/thumb/v7-m/nofp/libc.a(lib_a-strtol.o)
 .debug_aranges
                0x00001910       0x18 /usr/lib/gcc/arm-none-eabi/13.2.0/../../../../arm-none-eabi/lib/thumb/v7-m/nofp/libc.a(lib_a-ctype_.o)
 .debug_aranges
                0x00001928       0x20 /usr/lib/gcc/arm-none-eabi/13.2.0/../../../../arm-none-eabi/lib/thumb/v7-m/nofp/libc.a(lib_a-errno.o)
 .debug_aranges
                0x00001948       0x18 /usr/lib/gcc/arm-none-eabi/13.2.0/../../../../arm-none-eabi/lib/thumb/v7-m/nofp/libc.a(lib_a-impure.o)
 .debug_aranges